<html>
<body>
<pre>
<h1>µVision Build Log</h1>
<h2>Tool Versions:</h2>
IDE-Version: ¦ÌVision V5.22.0.0
Copyright (C) 2016 ARM Ltd and ARM Germany GmbH. All rights reserved.
License Information: Bin Feng, Sinoagg, LIC=AK1X7-EQZ1Y-BVN1G-V1PM7-35TI4-7BTSY
 
Tool Versions:
Toolchain:       MDK-ARM Professional  Version: 5.22
Toolchain Path:  C:\Keil_v5\ARM\ARMCC\Bin
C Compiler:      Armcc.exe V5.06 update 4 (build 422)
Assembler:       Armasm.exe V5.06 update 4 (build 422)
Linker/Locator:  ArmLink.exe V5.06 update 4 (build 422)
Library Manager: ArmAr.exe V5.06 update 4 (build 422)
Hex Converter:   FromElf.exe V5.06 update 4 (build 422)
CPU DLL:         SARMCM3.DLL V5.22
Dialog DLL:      DCM.DLL V1.13.9.0
Target DLL:      Segger\JL2CM3.dll V2.99.23.0
Dialog DLL:      TCM.DLL V1.21.0.0
 
<h2>Project:</h2>
E:\SINOAGG\SMU\Code\SMU_V2.03\MDK-ARM\SMU2.0_Code.uvprojx
Project File Date:  07/21/2018

<h2>Output:</h2>
*** Using Compiler 'V5.06 update 4 (build 422)', folder: 'C:\Keil_v5\ARM\ARMCC\Bin'
Build target 'SMU2.0_Code'
compiling main.c...
compiling relay.c...
compiling app.c...
app.c(53): warning:  #177-D: variable "outputValue"  was declared but never referenced
  	float outputValue;
app.c: 1 warning, 0 errors
compiling para_init.c...
compiling calculation.c...
compiling hardware.c...
compiling timer_ctrl.c...
compiling PC485_TX_protocol.c...
linking...
Program Size: Code=24424 RO-data=360 RW-data=68 ZI-data=3972  
FromELF: creating hex file...
"SMU2.0_Code\SMU2.0_Code" - 0 Error(s), 1 Warning(s).

<h2>Software Packages used:</h2>

Package Vendor: ARM
                http://www.keil.com/pack/ARM.CMSIS.5.3.0.pack
                ARM::CMSIS:CORE:5.1.1
                CMSIS (Cortex Microcontroller Software Interface Standard)
   * Component: CORE Version: 5.1.1

<h2>Collection of Component include folders:</h2>
  E:\SINOAGG\SMU\Code\SMU_V2.03\MDK-ARM\RTE\_SMU2.0_Code
  C:\Keil_v5\ARM\PACK\ARM\CMSIS\5.3.0\CMSIS\Include
  C:\Keil_v5\ARM\PACK\Keil\STM32F1xx_DFP\2.2.0\Device\Include

<h2>Collection of Component Files used:</h2>

   * Component: ARM::CMSIS:CORE:5.1.1
Build Time Elapsed:  00:00:12
</pre>
</body>
</html>
