Product: MDK-ARM Professional 5.10
Component: ARM Compiler 5.04 update 1 (build 49)
Tool: armlink [5040049]

==============================================================================

Section Cross References

    system_stm32f1xx.o(i.SystemCoreClockUpdate) refers to system_stm32f1xx.o(.data) for SystemCoreClock
    system_stm32f1xx.o(i.SystemCoreClockUpdate) refers to system_stm32f1xx.o(.constdata) for AHBPrescTable
    startup_stm32f103xe.o(RESET) refers to startup_stm32f103xe.o(STACK) for __initial_sp
    startup_stm32f103xe.o(RESET) refers to startup_stm32f103xe.o(.text) for Reset_Handler
    startup_stm32f103xe.o(RESET) refers to stm32f1xx_it.o(i.NMI_Handler) for NMI_Handler
    startup_stm32f103xe.o(RESET) refers to stm32f1xx_it.o(i.HardFault_Handler) for HardFault_Handler
    startup_stm32f103xe.o(RESET) refers to stm32f1xx_it.o(i.MemManage_Handler) for MemManage_Handler
    startup_stm32f103xe.o(RESET) refers to stm32f1xx_it.o(i.BusFault_Handler) for BusFault_Handler
    startup_stm32f103xe.o(RESET) refers to stm32f1xx_it.o(i.UsageFault_Handler) for UsageFault_Handler
    startup_stm32f103xe.o(RESET) refers to stm32f1xx_it.o(i.SVC_Handler) for SVC_Handler
    startup_stm32f103xe.o(RESET) refers to stm32f1xx_it.o(i.DebugMon_Handler) for DebugMon_Handler
    startup_stm32f103xe.o(RESET) refers to stm32f1xx_it.o(i.PendSV_Handler) for PendSV_Handler
    startup_stm32f103xe.o(RESET) refers to stm32f1xx_it.o(i.SysTick_Handler) for SysTick_Handler
    startup_stm32f103xe.o(RESET) refers to stm32f1xx_it.o(i.USB_LP_CAN1_RX0_IRQHandler) for USB_LP_CAN1_RX0_IRQHandler
    startup_stm32f103xe.o(RESET) refers to stm32f1xx_it.o(i.TIM2_IRQHandler) for TIM2_IRQHandler
    startup_stm32f103xe.o(RESET) refers to stm32f1xx_it.o(i.TIM3_IRQHandler) for TIM3_IRQHandler
    startup_stm32f103xe.o(RESET) refers to stm32f1xx_it.o(i.TIM4_IRQHandler) for TIM4_IRQHandler
    startup_stm32f103xe.o(RESET) refers to stm32f1xx_it.o(i.USART1_IRQHandler) for USART1_IRQHandler
    startup_stm32f103xe.o(RESET) refers to stm32f1xx_it.o(i.USART2_IRQHandler) for USART2_IRQHandler
    startup_stm32f103xe.o(RESET) refers to stm32f1xx_it.o(i.USART3_IRQHandler) for USART3_IRQHandler
    startup_stm32f103xe.o(.text) refers to system_stm32f1xx.o(i.SystemInit) for SystemInit
    startup_stm32f103xe.o(.text) refers to entry.o(.ARM.Collect$$$$00000000) for __main
    usbd_core.o(i.USBD_DeInit) refers to usbd_conf.o(i.USBD_LL_Stop) for USBD_LL_Stop
    usbd_core.o(i.USBD_DeInit) refers to usbd_conf.o(i.USBD_LL_DeInit) for USBD_LL_DeInit
    usbd_core.o(i.USBD_Init) refers to usbd_conf.o(i.USBD_LL_Init) for USBD_LL_Init
    usbd_core.o(i.USBD_LL_DataInStage) refers to usbd_ioreq.o(i.USBD_CtlContinueSendData) for USBD_CtlContinueSendData
    usbd_core.o(i.USBD_LL_DataInStage) refers to usbd_conf.o(i.USBD_LL_PrepareReceive) for USBD_LL_PrepareReceive
    usbd_core.o(i.USBD_LL_DataInStage) refers to usbd_ioreq.o(i.USBD_CtlReceiveStatus) for USBD_CtlReceiveStatus
    usbd_core.o(i.USBD_LL_DataInStage) refers to usbd_core.o(i.USBD_RunTestMode) for USBD_RunTestMode
    usbd_core.o(i.USBD_LL_DataOutStage) refers to usbd_ioreq.o(i.USBD_CtlContinueRx) for USBD_CtlContinueRx
    usbd_core.o(i.USBD_LL_DataOutStage) refers to usbd_ioreq.o(i.USBD_CtlSendStatus) for USBD_CtlSendStatus
    usbd_core.o(i.USBD_LL_Reset) refers to usbd_conf.o(i.USBD_LL_OpenEP) for USBD_LL_OpenEP
    usbd_core.o(i.USBD_LL_SetupStage) refers to usbd_ctlreq.o(i.USBD_ParseSetupRequest) for USBD_ParseSetupRequest
    usbd_core.o(i.USBD_LL_SetupStage) refers to usbd_ctlreq.o(i.USBD_StdDevReq) for USBD_StdDevReq
    usbd_core.o(i.USBD_LL_SetupStage) refers to usbd_ctlreq.o(i.USBD_StdItfReq) for USBD_StdItfReq
    usbd_core.o(i.USBD_LL_SetupStage) refers to usbd_ctlreq.o(i.USBD_StdEPReq) for USBD_StdEPReq
    usbd_core.o(i.USBD_LL_SetupStage) refers to usbd_conf.o(i.USBD_LL_StallEP) for USBD_LL_StallEP
    usbd_core.o(i.USBD_Start) refers to usbd_conf.o(i.USBD_LL_Start) for USBD_LL_Start
    usbd_core.o(i.USBD_Stop) refers to usbd_conf.o(i.USBD_LL_Stop) for USBD_LL_Stop
    usbd_ctlreq.o(i.USBD_ClrFeature) refers to usbd_ioreq.o(i.USBD_CtlSendStatus) for USBD_CtlSendStatus
    usbd_ctlreq.o(i.USBD_ClrFeature) refers to usbd_ctlreq.o(i.USBD_CtlError) for USBD_CtlError
    usbd_ctlreq.o(i.USBD_CtlError) refers to usbd_conf.o(i.USBD_LL_StallEP) for USBD_LL_StallEP
    usbd_ctlreq.o(i.USBD_GetConfig) refers to usbd_ctlreq.o(i.USBD_CtlError) for USBD_CtlError
    usbd_ctlreq.o(i.USBD_GetConfig) refers to usbd_ioreq.o(i.USBD_CtlSendData) for USBD_CtlSendData
    usbd_ctlreq.o(i.USBD_GetDescriptor) refers to usbd_ctlreq.o(i.USBD_CtlError) for USBD_CtlError
    usbd_ctlreq.o(i.USBD_GetDescriptor) refers to usbd_ioreq.o(i.USBD_CtlSendData) for USBD_CtlSendData
    usbd_ctlreq.o(i.USBD_GetStatus) refers to usbd_ioreq.o(i.USBD_CtlSendData) for USBD_CtlSendData
    usbd_ctlreq.o(i.USBD_GetStatus) refers to usbd_ctlreq.o(i.USBD_CtlError) for USBD_CtlError
[...]
    i.HAL_PCD_DataInStageCallback            0x080021e4   Section        0  usbd_conf.o(i.HAL_PCD_DataInStageCallback)
    i.HAL_PCD_DataOutStageCallback           0x08002200   Section        0  usbd_conf.o(i.HAL_PCD_DataOutStageCallback)
    i.HAL_PCD_EP_ClrStall                    0x0800221c   Section        0  stm32f1xx_hal_pcd.o(i.HAL_PCD_EP_ClrStall)
    i.HAL_PCD_EP_Open                        0x0800227e   Section        0  stm32f1xx_hal_pcd.o(i.HAL_PCD_EP_Open)
    i.HAL_PCD_EP_Receive                     0x080022f4   Section        0  stm32f1xx_hal_pcd.o(i.HAL_PCD_EP_Receive)
    i.HAL_PCD_EP_SetStall                    0x0800233e   Section        0  stm32f1xx_hal_pcd.o(i.HAL_PCD_EP_SetStall)
    i.HAL_PCD_EP_Transmit                    0x080023b0   Section        0  stm32f1xx_hal_pcd.o(i.HAL_PCD_EP_Transmit)
    i.HAL_PCD_IRQHandler                     0x080023fc   Section        0  stm32f1xx_hal_pcd.o(i.HAL_PCD_IRQHandler)
    i.HAL_PCD_ResetCallback                  0x08002564   Section        0  usbd_conf.o(i.HAL_PCD_ResetCallback)
    i.HAL_PCD_ResumeCallback                 0x0800258e   Section        0  usbd_conf.o(i.HAL_PCD_ResumeCallback)
    i.HAL_PCD_SOFCallback                    0x0800259c   Section        0  usbd_conf.o(i.HAL_PCD_SOFCallback)
    i.HAL_PCD_SetAddress                     0x080025aa   Section        0  stm32f1xx_hal_pcd.o(i.HAL_PCD_SetAddress)
    i.HAL_PCD_SetupStageCallback             0x080025e0   Section        0  usbd_conf.o(i.HAL_PCD_SetupStageCallback)
    i.HAL_PCD_SuspendCallback                0x080025f4   Section        0  usbd_conf.o(i.HAL_PCD_SuspendCallback)
    i.HAL_RCCEx_PeriphCLKConfig              0x08002618   Section        0  stm32f1xx_hal_rcc_ex.o(i.HAL_RCCEx_PeriphCLKConfig)
    i.HAL_RCC_ClockConfig                    0x08002748   Section        0  stm32f1xx_hal_rcc.o(i.HAL_RCC_ClockConfig)
    i.HAL_RCC_GetHCLKFreq                    0x080028ec   Section        0  stm32f1xx_hal_rcc.o(i.HAL_RCC_GetHCLKFreq)
    i.HAL_RCC_GetPCLK1Freq                   0x080028f8   Section        0  stm32f1xx_hal_rcc.o(i.HAL_RCC_GetPCLK1Freq)
    i.HAL_RCC_GetPCLK2Freq                   0x08002918   Section        0  stm32f1xx_hal_rcc.o(i.HAL_RCC_GetPCLK2Freq)
    i.HAL_RCC_GetSysClockFreq                0x08002938   Section        0  stm32f1xx_hal_rcc.o(i.HAL_RCC_GetSysClockFreq)
    i.HAL_RCC_OscConfig                      0x080029d0   Section        0  stm32f1xx_hal_rcc.o(i.HAL_RCC_OscConfig)
    i.HAL_SYSTICK_CLKSourceConfig            0x08002e10   Section        0  stm32f1xx_hal_cortex.o(i.HAL_SYSTICK_CLKSourceConfig)
    i.HAL_SYSTICK_Callback                   0x08002e38   Section        0  stm32f1xx_hal_cortex.o(i.HAL_SYSTICK_Callback)
    i.HAL_SYSTICK_Config                     0x08002e3a   Section        0  stm32f1xx_hal_cortex.o(i.HAL_SYSTICK_Config)
    i.HAL_SYSTICK_IRQHandler                 0x08002e6e   Section        0  stm32f1xx_hal_cortex.o(i.HAL_SYSTICK_IRQHandler)
    i.HAL_TIMEx_BreakCallback                0x08002e76   Section        0  stm32f1xx_hal_tim_ex.o(i.HAL_TIMEx_BreakCallback)
    i.HAL_TIMEx_CommutationCallback          0x08002e78   Section        0  stm32f1xx_hal_tim_ex.o(i.HAL_TIMEx_CommutationCallback)
    i.HAL_TIMEx_MasterConfigSynchronization  0x08002e7a   Section        0  stm32f1xx_hal_tim_ex.o(i.HAL_TIMEx_MasterConfigSynchronization)
    i.HAL_TIM_Base_Init                      0x08002edc   Section        0  stm32f1xx_hal_tim.o(i.HAL_TIM_Base_Init)
    i.HAL_TIM_Base_MspInit                   0x08002f10   Section        0  stm32f1xx_hal_msp.o(i.HAL_TIM_Base_MspInit)
    i.HAL_TIM_Base_Start_IT                  0x08002fc4   Section        0  stm32f1xx_hal_tim.o(i.HAL_TIM_Base_Start_IT)
    i.HAL_TIM_Base_Stop_IT                   0x08002fe2   Section        0  stm32f1xx_hal_tim.o(i.HAL_TIM_Base_Stop_IT)
    i.HAL_TIM_ConfigClockSource              0x0800301a   Section        0  stm32f1xx_hal_tim.o(i.HAL_TIM_ConfigClockSource)
    i.HAL_TIM_IC_CaptureCallback             0x0800314c   Section        0  stm32f1xx_hal_tim.o(i.HAL_TIM_IC_CaptureCallback)
    i.HAL_TIM_IRQHandler                     0x0800314e   Section        0  stm32f1xx_hal_tim.o(i.HAL_TIM_IRQHandler)
    i.HAL_TIM_OC_DelayElapsedCallback        0x080032e4   Section        0  stm32f1xx_hal_tim.o(i.HAL_TIM_OC_DelayElapsedCallback)
    i.HAL_TIM_PWM_PulseFinishedCallback      0x080032e6   Section        0  stm32f1xx_hal_tim.o(i.HAL_TIM_PWM_PulseFinishedCallback)
    i.HAL_TIM_PeriodElapsedCallback          0x080032e8   Section        0  main.o(i.HAL_TIM_PeriodElapsedCallback)
    i.HAL_TIM_TriggerCallback                0x0800339c   Section        0  stm32f1xx_hal_tim.o(i.HAL_TIM_TriggerCallback)
    i.HAL_UART_DMAStop                       0x0800339e   Section        0  stm32f1xx_hal_uart.o(i.HAL_UART_DMAStop)
    i.HAL_UART_ErrorCallback                 0x08003404   Section        0  stm32f1xx_hal_uart.o(i.HAL_UART_ErrorCallback)
    i.HAL_UART_IRQHandler                    0x08003408   Section        0  stm32f1xx_hal_uart.o(i.HAL_UART_IRQHandler)
    i.HAL_UART_Init                          0x08003554   Section        0  stm32f1xx_hal_uart.o(i.HAL_UART_Init)
    i.HAL_UART_MspInit                       0x080035c8   Section        0  stm32f1xx_hal_msp.o(i.HAL_UART_MspInit)
    i.HAL_UART_Receive_DMA                   0x080037c0   Section        0  stm32f1xx_hal_uart.o(i.HAL_UART_Receive_DMA)
    i.HAL_UART_RxCpltCallback                0x08003884   Section        0  stm32f1xx_hal_uart.o(i.HAL_UART_RxCpltCallback)
    i.HAL_UART_RxHalfCpltCallback            0x08003886   Section        0  stm32f1xx_hal_uart.o(i.HAL_UART_RxHalfCpltCallback)
    i.HAL_UART_Transmit                      0x08003888   Section        0  stm32f1xx_hal_uart.o(i.HAL_UART_Transmit)
    i.HAL_UART_Transmit_DMA                  0x08003960   Section        0  stm32f1xx_hal_uart.o(i.HAL_UART_Transmit_DMA)
    i.HAL_UART_TxCpltCallback                0x080039fc   Section        0  stm32f1xx_hal_uart.o(i.HAL_UART_TxCpltCallback)
    i.HAL_UART_TxHalfCpltCallback            0x080039fe   Section        0  stm32f1xx_hal_uart.o(i.HAL_UART_TxHalfCpltCallback)
    i.HardFault_Handler                      0x08003a00   Section        0  stm32f1xx_it.o(i.HardFault_Handler)
    i.Hardware_Init                          0x08003a04   Section        0  hardware.o(i.Hardware_Init)
    i.InitTestPara                           0x08003ad0   Section        0  para_init.o(i.InitTestPara)
    i.InitTestResult                         0x08003c78   Section        0  para_init.o(i.InitTestResult)
    i.MX_DMA_Init                            0x08003c8c   Section        0  hardware.o(i.MX_DMA_Init)
    i.MX_GPIO_Init                           0x08003cb0   Section        0  hardware.o(i.MX_GPIO_Init)
    i.MX_TIM2_Init                           0x08003e18   Section        0  hardware.o(i.MX_TIM2_Init)
    i.MX_TIM3_Init                           0x08003eac   Section        0  hardware.o(i.MX_TIM3_Init)
    i.MX_TIM4_Init                           0x08003f6c   Section        0  hardware.o(i.MX_TIM4_Init)
    i.MX_USART2_UART_Init                    0x08004008   Section        0  hardware.o(i.MX_USART2_UART_Init)
    i.MemManage_Handler                      0x0800406c   Section        0  stm32f1xx_it.o(i.MemManage_Handler)
    i.MyPow                                  0x08004070   Section        0  calculation.o(i.MyPow)
    i.NMI_Handler                            0x08004098   Section        0  stm32f1xx_it.o(i.NMI_Handler)
    i.NVIC_GetPriorityGrouping               0x0800409c   Section        0  stm32f1xx_hal_cortex.o(i.NVIC_GetPriorityGrouping)
    NVIC_GetPriorityGrouping                 0x0800409d   Thumb Code    10  stm32f1xx_hal_cortex.o(i.NVIC_GetPriorityGrouping)
    i.NVIC_SetPriority                       0x080040ac   Section        0  stm32f1xx_hal_cortex.o(i.NVIC_SetPriority)
    NVIC_SetPriority                         0x080040ad   Thumb Code    32  stm32f1xx_hal_cortex.o(i.NVIC_SetPriority)
    i.OutputCurrent                          0x080040d4   Section        0  app.o(i.OutputCurrent)
    i.OutputNextCurrent                      0x080041a8   Section        0  main.o(i.OutputNextCurrent)
    i.OutputNextVoltage                      0x080042b8   Section        0  main.o(i.OutputNextVoltage)
    i.OutputVoltage                          0x080043bc   Section        0  app.o(i.OutputVoltage)
    i.OutputZeroVoltage                      0x08004528   Section        0  main.o(i.OutputZeroVoltage)
    i.PCD_EP_ISR_Handler                     0x0800453a   Section        0  stm32f1xx_hal_pcd.o(i.PCD_EP_ISR_Handler)
    PCD_EP_ISR_Handler                       0x0800453b   Thumb Code  1092  stm32f1xx_hal_pcd.o(i.PCD_EP_ISR_Handler)
    i.PendSV_Handler                         0x0800497e   Section        0  stm32f1xx_it.o(i.PendSV_Handler)
    i.RCC_Delay                              0x08004980   Section        0  stm32f1xx_hal_rcc.o(i.RCC_Delay)
    RCC_Delay                                0x08004981   Thumb Code    36  stm32f1xx_hal_rcc.o(i.RCC_Delay)
    i.RelayCheck                             0x080049a8   Section        0  relay.o(i.RelayCheck)
    i.RelaySetInputScaling                   0x08004b3c   Section        0  relay.o(i.RelaySetInputScaling)
    i.RelaySetTestMode                       0x08004b90   Section        0  relay.o(i.RelaySetTestMode)
    i.RunCalibration                         0x08004bc0   Section        0  calculation.o(i.RunCalibration)
    i.SVC_Handler                            0x08004bfc   Section        0  stm32f1xx_it.o(i.SVC_Handler)
    i.SetRangeRelay                          0x08004bfe   Section        0  relay.o(i.SetRangeRelay)
    i.SetRangeRelayDirect                    0x08004c18   Section        0  relay.o(i.SetRangeRelayDirect)
    i.SetTimerAction                         0x08004cb8   Section        0  timer_ctrl.o(i.SetTimerAction)
    i.SetTimerPara                           0x08004cf0   Section        0  timer_ctrl.o(i.SetTimerPara)
    i.StartNextSampling                      0x08004d34   Section        0  app.o(i.StartNextSampling)
    i.SysTick_Handler                        0x08004d4c   Section        0  stm32f1xx_it.o(i.SysTick_Handler)
    i.SystemClock_Config                     0x08004d58   Section        0  hardware.o(i.SystemClock_Config)
    i.SystemInit                             0x08004e18   Section        0  system_stm32f1xx.o(i.SystemInit)
    i.TIM2_IRQHandler                        0x08004e70   Section        0  stm32f1xx_it.o(i.TIM2_IRQHandler)
    i.TIM3_IRQHandler                        0x08004e80   Section        0  stm32f1xx_it.o(i.TIM3_IRQHandler)
    i.TIM4_IRQHandler                        0x08004e90   Section        0  stm32f1xx_it.o(i.TIM4_IRQHandler)
    i.TIM_Base_SetConfig                     0x08004ea0   Section        0  stm32f1xx_hal_tim.o(i.TIM_Base_SetConfig)
    i.TIM_ETR_SetConfig                      0x08004f38   Section        0  stm32f1xx_hal_tim.o(i.TIM_ETR_SetConfig)
    TIM_ETR_SetConfig                        0x08004f39   Thumb Code    24  stm32f1xx_hal_tim.o(i.TIM_ETR_SetConfig)
    i.TIM_ITRx_SetConfig                     0x08004f50   Section        0  stm32f1xx_hal_tim.o(i.TIM_ITRx_SetConfig)
    TIM_ITRx_SetConfig                       0x08004f51   Thumb Code    20  stm32f1xx_hal_tim.o(i.TIM_ITRx_SetConfig)
    i.TIM_TI1_ConfigInputStage               0x08004f64   Section        0  stm32f1xx_hal_tim.o(i.TIM_TI1_ConfigInputStage)
    TIM_TI1_ConfigInputStage                 0x08004f65   Thumb Code    42  stm32f1xx_hal_tim.o(i.TIM_TI1_ConfigInputStage)
    i.TIM_TI2_ConfigInputStage               0x08004f8e   Section        0  stm32f1xx_hal_tim.o(i.TIM_TI2_ConfigInputStage)
    TIM_TI2_ConfigInputStage                 0x08004f8f   Thumb Code    44  stm32f1xx_hal_tim.o(i.TIM_TI2_ConfigInputStage)
    i.UART_DMAAbortOnError                   0x08004fba   Section        0  stm32f1xx_hal_uart.o(i.UART_DMAAbortOnError)
    UART_DMAAbortOnError                     0x08004fbb   Thumb Code    20  stm32f1xx_hal_uart.o(i.UART_DMAAbortOnError)
    i.UART_DMAError                          0x08004fce   Section        0  stm32f1xx_hal_uart.o(i.UART_DMAError)
    UART_DMAError                            0x08004fcf   Thumb Code    80  stm32f1xx_hal_uart.o(i.UART_DMAError)
    i.UART_DMAReceiveCplt                    0x0800501e   Section        0  stm32f1xx_hal_uart.o(i.UART_DMAReceiveCplt)
    UART_DMAReceiveCplt                      0x0800501f   Thumb Code    70  stm32f1xx_hal_uart.o(i.UART_DMAReceiveCplt)
    i.UART_DMARxHalfCplt                     0x08005064   Section        0  stm32f1xx_hal_uart.o(i.UART_DMARxHalfCplt)
    UART_DMARxHalfCplt                       0x08005065   Thumb Code    14  stm32f1xx_hal_uart.o(i.UART_DMARxHalfCplt)
    i.UART_DMATransmitCplt                   0x08005072   Section        0  stm32f1xx_hal_uart.o(i.UART_DMATransmitCplt)
    UART_DMATransmitCplt                     0x08005073   Thumb Code    54  stm32f1xx_hal_uart.o(i.UART_DMATransmitCplt)
    i.UART_DMATxHalfCplt                     0x080050a8   Section        0  stm32f1xx_hal_uart.o(i.UART_DMATxHalfCplt)
    UART_DMATxHalfCplt                       0x080050a9   Thumb Code    14  stm32f1xx_hal_uart.o(i.UART_DMATxHalfCplt)
    i.UART_EndRxTransfer                     0x080050b6   Section        0  stm32f1xx_hal_uart.o(i.UART_EndRxTransfer)
    UART_EndRxTransfer                       0x080050b7   Thumb Code    32  stm32f1xx_hal_uart.o(i.UART_EndRxTransfer)
    i.UART_EndTransmit_IT                    0x080050d6   Section        0  stm32f1xx_hal_uart.o(i.UART_EndTransmit_IT)
    UART_EndTransmit_IT                      0x080050d7   Thumb Code    32  stm32f1xx_hal_uart.o(i.UART_EndTransmit_IT)
    i.UART_EndTxTransfer                     0x080050f6   Section        0  stm32f1xx_hal_uart.o(i.UART_EndTxTransfer)
    UART_EndTxTransfer                       0x080050f7   Thumb Code    20  stm32f1xx_hal_uart.o(i.UART_EndTxTransfer)
    i.UART_Receive_IT                        0x0800510a   Section        0  stm32f1xx_hal_uart.o(i.UART_Receive_IT)
    UART_Receive_IT                          0x0800510b   Thumb Code   166  stm32f1xx_hal_uart.o(i.UART_Receive_IT)
    i.UART_SetConfig                         0x080051b0   Section        0  stm32f1xx_hal_uart.o(i.UART_SetConfig)
    UART_SetConfig                           0x080051b1   Thumb Code   450  stm32f1xx_hal_uart.o(i.UART_SetConfig)
    i.UART_Transmit_IT                       0x08005378   Section        0  stm32f1xx_hal_uart.o(i.UART_Transmit_IT)
    UART_Transmit_IT                         0x08005379   Thumb Code   104  stm32f1xx_hal_uart.o(i.UART_Transmit_IT)
    i.UART_WaitOnFlagUntilTimeout            0x080053e0   Section        0  stm32f1xx_hal_uart.o(i.UART_WaitOnFlagUntilTimeout)
    UART_WaitOnFlagUntilTimeout              0x080053e1   Thumb Code   108  stm32f1xx_hal_uart.o(i.UART_WaitOnFlagUntilTimeout)
    i.USART1_IRQHandler                      0x0800544c   Section        0  stm32f1xx_it.o(i.USART1_IRQHandler)
    i.USART2_IRQHandler                      0x0800545c   Section        0  stm32f1xx_it.o(i.USART2_IRQHandler)
    i.USART3_IRQHandler                      0x0800552c   Section        0  stm32f1xx_it.o(i.USART3_IRQHandler)
    i.USBD_ClrClassConfig                    0x0800553c   Section        0  usbd_core.o(i.USBD_ClrClassConfig)
    i.USBD_ClrFeature                        0x08005552   Section        0  usbd_ctlreq.o(i.USBD_ClrFeature)
    USBD_ClrFeature                          0x08005553   Thumb Code    68  usbd_ctlreq.o(i.USBD_ClrFeature)
    i.USBD_CtlContinueRx                     0x08005596   Section        0  usbd_ioreq.o(i.USBD_CtlContinueRx)
    i.USBD_CtlContinueSendData               0x080055ae   Section        0  usbd_ioreq.o(i.USBD_CtlContinueSendData)
    i.USBD_CtlError                          0x080055c6   Section        0  usbd_ctlreq.o(i.USBD_CtlError)
    i.USBD_CtlReceiveStatus                  0x080055de   Section        0  usbd_ioreq.o(i.USBD_CtlReceiveStatus)
    i.USBD_CtlSendData                       0x080055f8   Section        0  usbd_ioreq.o(i.USBD_CtlSendData)
    i.USBD_CtlSendStatus                     0x0800561a   Section        0  usbd_ioreq.o(i.USBD_CtlSendStatus)
    i.USBD_GetConfig                         0x08005634   Section        0  usbd_ctlreq.o(i.USBD_GetConfig)
    USBD_GetConfig                           0x08005635   Thumb Code    80  usbd_ctlreq.o(i.USBD_GetConfig)
    i.USBD_GetDescriptor                     0x08005684   Section        0  usbd_ctlreq.o(i.USBD_GetDescriptor)
    USBD_GetDescriptor                       0x08005685   Thumb Code   336  usbd_ctlreq.o(i.USBD_GetDescriptor)
    i.USBD_GetStatus                         0x080057d4   Section        0  usbd_ctlreq.o(i.USBD_GetStatus)
    USBD_GetStatus                           0x080057d5   Thumb Code    68  usbd_ctlreq.o(i.USBD_GetStatus)
    i.USBD_LL_ClearStallEP                   0x08005818   Section        0  usbd_conf.o(i.USBD_LL_ClearStallEP)
    i.USBD_LL_DataInStage                    0x0800585c   Section        0  usbd_core.o(i.USBD_LL_DataInStage)
    i.USBD_LL_DataOutStage                   0x08005936   Section        0  usbd_core.o(i.USBD_LL_DataOutStage)
    i.USBD_LL_IsStallEP                      0x080059bc   Section        0  usbd_conf.o(i.USBD_LL_IsStallEP)
    i.USBD_LL_OpenEP                         0x080059ec   Section        0  usbd_conf.o(i.USBD_LL_OpenEP)
    i.USBD_LL_PrepareReceive                 0x08005a4e   Section        0  usbd_conf.o(i.USBD_LL_PrepareReceive)
    i.USBD_LL_Reset                          0x08005ab0   Section        0  usbd_core.o(i.USBD_LL_Reset)
    i.USBD_LL_Resume                         0x08005af4   Section        0  usbd_core.o(i.USBD_LL_Resume)
    i.USBD_LL_SOF                            0x08005b02   Section        0  usbd_core.o(i.USBD_LL_SOF)
    i.USBD_LL_SetSpeed                       0x08005b24   Section        0  usbd_core.o(i.USBD_LL_SetSpeed)
    i.USBD_LL_SetUSBAddress                  0x08005b2c   Section        0  usbd_conf.o(i.USBD_LL_SetUSBAddress)
    i.USBD_LL_SetupStage                     0x08005b70   Section        0  usbd_core.o(i.USBD_LL_SetupStage)
    i.USBD_LL_StallEP                        0x08005bde   Section        0  usbd_conf.o(i.USBD_LL_StallEP)
    i.USBD_LL_Suspend                        0x08005c22   Section        0  usbd_core.o(i.USBD_LL_Suspend)
    i.USBD_LL_Transmit                       0x08005c36   Section        0  usbd_conf.o(i.USBD_LL_Transmit)
    i.USBD_ParseSetupRequest                 0x08005c98   Section        0  usbd_ctlreq.o(i.USBD_ParseSetupRequest)
    i.USBD_RunTestMode                       0x08005cc0   Section        0  usbd_core.o(i.USBD_RunTestMode)
    i.USBD_SetAddress                        0x08005cc6   Section        0  usbd_ctlreq.o(i.USBD_SetAddress)
    USBD_SetAddress                          0x08005cc7   Thumb Code    84  usbd_ctlreq.o(i.USBD_SetAddress)
    i.USBD_SetClassConfig                    0x08005d1a   Section        0  usbd_core.o(i.USBD_SetClassConfig)
    i.USBD_SetConfig                         0x08005d3c   Section        0  usbd_ctlreq.o(i.USBD_SetConfig)
    USBD_SetConfig                           0x08005d3d   Thumb Code   218  usbd_ctlreq.o(i.USBD_SetConfig)
    i.USBD_SetFeature                        0x08005e1c   Section        0  usbd_ctlreq.o(i.USBD_SetFeature)
    USBD_SetFeature                          0x08005e1d   Thumb Code    36  usbd_ctlreq.o(i.USBD_SetFeature)
    i.USBD_StdDevReq                         0x08005e40   Section        0  usbd_ctlreq.o(i.USBD_StdDevReq)
    i.USBD_StdEPReq                          0x08005eb2   Section        0  usbd_ctlreq.o(i.USBD_StdEPReq)
    i.USBD_StdItfReq                         0x08006008   Section        0  usbd_ctlreq.o(i.USBD_StdItfReq)
    i.USB_ActivateEndpoint                   0x08006052   Section        0  stm32f1xx_ll_usb.o(i.USB_ActivateEndpoint)
    i.USB_EP0_OutStart                       0x080063fc   Section        0  stm32f1xx_ll_usb.o(i.USB_EP0_OutStart)
    i.USB_EPClearStall                       0x08006402   Section        0  stm32f1xx_ll_usb.o(i.USB_EPClearStall)
    i.USB_EPSetStall                         0x080064b6   Section        0  stm32f1xx_ll_usb.o(i.USB_EPSetStall)
    i.USB_EPStartXfer                        0x0800653c   Section        0  stm32f1xx_ll_usb.o(i.USB_EPStartXfer)
    i.USB_LP_CAN1_RX0_IRQHandler             0x08006870   Section        0  stm32f1xx_it.o(i.USB_LP_CAN1_RX0_IRQHandler)
    i.USB_ReadInterrupts                     0x08006880   Section        0  stm32f1xx_ll_usb.o(i.USB_ReadInterrupts)
    i.USB_ReadPMA                            0x0800688a   Section        0  stm32f1xx_ll_usb.o(i.USB_ReadPMA)
    i.USB_SetDevAddress                      0x080068b2   Section        0  stm32f1xx_ll_usb.o(i.USB_SetDevAddress)
    i.USB_WritePMA                           0x080068c0   Section        0  stm32f1xx_ll_usb.o(i.USB_WritePMA)
    i.UsageFault_Handler                     0x08006902   Section        0  stm32f1xx_it.o(i.UsageFault_Handler)
    i.ZeroCrrentCalibration                  0x08006908   Section        0  calculation.o(i.ZeroCrrentCalibration)
    ZeroCrrentCalibration                    0x08006909   Thumb Code   182  calculation.o(i.ZeroCrrentCalibration)
    i._Error_Handler                         0x080069d8   Section        0  main.o(i._Error_Handler)
    i.__0sprintf$bare                        0x080069dc   Section        0  printfb.o(i.__0sprintf$bare)
    i.__scatterload_copy                     0x08006a00   Section       14  handlers.o(i.__scatterload_copy)
    i.__scatterload_null                     0x08006a0e   Section        2  handlers.o(i.__scatterload_null)
    i.__scatterload_zeroinit                 0x08006a10   Section       14  handlers.o(i.__scatterload_zeroinit)
    i._printf_core                           0x08006a1e   Section        0  printfb.o(i._printf_core)
    _printf_core                             0x08006a1f   Thumb Code    34  printfb.o(i._printf_core)
    i._sputc                                 0x08006a40   Section        0  printfb.o(i._sputc)
    _sputc                                   0x08006a41   Thumb Code    10  printfb.o(i._sputc)
    i.delay_us                               0x08006a4c   Section        0  delay.o(i.delay_us)
    i.main                                   0x08006a94   Section        0  main.o(i.main)
    i.prepareTxData                          0x08006d58   Section        0  pc485_tx_protocol.o(i.prepareTxData)
    .constdata                               0x08006db6   Section       24  system_stm32f1xx.o(.constdata)
    .data                                    0x20000000   Section        4  system_stm32f1xx.o(.data)
    .data                                    0x20000004   Section        1  usbd_ctlreq.o(.data)
    cfgidx                                   0x20000004   Data           1  usbd_ctlreq.o(.data)
    .data                                    0x20000006   Section        7  main.o(.data)
    .data                                    0x20000010   Section        4  stm32f1xx_hal.o(.data)
    .data                                    0x20000014   Section        1  delay.o(.data)
    .data                                    0x20000018   Section       44  para_init.o(.data)
    .bss                                     0x20000044   Section     1092  main.o(.bss)
    .bss                                     0x20000488   Section     1148  usbd_conf.o(.bss)
    mem                                      0x200008e8   Data          28  usbd_conf.o(.bss)
    .bss                                     0x20000908   Section       32  stm32f1xx_hal_flash.o(.bss)
    .bss                                     0x20000928   Section       10  relay.o(.bss)
    .bss                                     0x20000934   Section      200  para_init.o(.bss)
    .bss                                     0x200009fc   Section      616  hardware.o(.bss)
    STACK                                    0x20000c68   Section     1024  startup_stm32f103xe.o(STACK)

    Global Symbols

    Symbol Name                              Value     Ov Type        Size  Object(Section)

    BuildAttributes$$THM_ISAv4$P$D$K$B$S$PE$A:L22UL41UL21$X:L11$S22US41US21$IEEE1$IW$USESV6$~STKCKD$USESV7$~SHL$OTIME$ROPI$EBA8$MICROLIB$REQ8$PRES8$EABIv2 0x00000000   Number         0  anon$$obj.o ABSOLUTE
    __ARM_use_no_argv                        0x00000000   Number         0  main.o ABSOLUTE
    __cpp_initialize__aeabi_                  - Undefined Weak Reference
    __cxa_finalize                            - Undefined Weak Reference
    __decompress                              - Undefined Weak Reference
    _clock_init                               - Undefined Weak Reference
    _microlib_exit                            - Undefined Weak Reference
    __Vectors_Size                           0x00000130   Number         0  startup_stm32f103xe.o ABSOLUTE
    __Vectors                                0x08000000   Data           4  startup_stm32f103xe.o(RESET)
    __Vectors_End                            0x08000130   Data           0  startup_stm32f103xe.o(RESET)
    __main                                   0x08000131   Thumb Code     0  entry.o(.ARM.Collect$$$$00000000)
    _main_stk                                0x08000131   Thumb Code     0  entry2.o(.ARM.Collect$$$$00000001)
    _main_scatterload                        0x08000135   Thumb Code     0  entry5.o(.ARM.Collect$$$$00000004)
    __main_after_scatterload                 0x08000139   Thumb Code     0  entry5.o(.ARM.Collect$$$$00000004)
    _main_clock                              0x08000139   Thumb Code     0  entry7b.o(.ARM.Collect$$$$00000008)
    _main_cpp_init                           0x08000139   Thumb Code     0  entry8b.o(.ARM.Collect$$$$0000000A)
    _main_init                               0x08000139   Thumb Code     0  entry9a.o(.ARM.Collect$$$$0000000B)
    __rt_final_cpp                           0x08000141   Thumb Code     0  entry10a.o(.ARM.Collect$$$$0000000D)
    __rt_final_exit                          0x08000141   Thumb Code     0  entry11a.o(.ARM.Collect$$$$0000000F)
    Reset_Handler                            0x08000145   Thumb Code     8  startup_stm32f103xe.o(.text)
    ADC1_2_IRQHandler                        0x0800015f   Thumb Code     0  startup_stm32f103xe.o(.text)
    ADC3_IRQHandler                          0x0800015f   Thumb Code     0  startup_stm32f103xe.o(.text)
    CAN1_RX1_IRQHandler                      0x0800015f   Thumb Code     0  startup_stm32f103xe.o(.text)
    CAN1_SCE_IRQHandler                      0x0800015f   Thumb Code     0  startup_stm32f103xe.o(.text)
    DMA1_Channel1_IRQHandler                 0x0800015f   Thumb Code     0  startup_stm32f103xe.o(.text)
    DMA1_Channel2_IRQHandler                 0x0800015f   Thumb Code     0  startup_stm32f103xe.o(.text)
    DMA1_Channel3_IRQHandler                 0x0800015f   Thumb Code     0  startup_stm32f103xe.o(.text)
    DMA1_Channel4_IRQHandler                 0x0800015f   Thumb Code     0  startup_stm32f103xe.o(.text)
    DMA1_Channel5_IRQHandler                 0x0800015f   Thumb Code     0  startup_stm32f103xe.o(.text)
    DMA1_Channel6_IRQHandler                 0x0800015f   Thumb Code     0  startup_stm32f103xe.o(.text)
    DMA1_Channel7_IRQHandler                 0x0800015f   Thumb Code     0  startup_stm32f103xe.o(.text)
    DMA2_Channel1_IRQHandler                 0x0800015f   Thumb Code     0  startup_stm32f103xe.o(.text)
    DMA2_Channel2_IRQHandler                 0x0800015f   Thumb Code     0  startup_stm32f103xe.o(.text)
    DMA2_Channel3_IRQHandler                 0x0800015f   Thumb Code     0  startup_stm32f103xe.o(.text)
    DMA2_Channel4_5_IRQHandler               0x0800015f   Thumb Code     0  startup_stm32f103xe.o(.text)
    EXTI0_IRQHandler                         0x0800015f   Thumb Code     0  startup_stm32f103xe.o(.text)
    EXTI15_10_IRQHandler                     0x0800015f   Thumb Code     0  startup_stm32f103xe.o(.text)
    EXTI1_IRQHandler                         0x0800015f   Thumb Code     0  startup_stm32f103xe.o(.text)
    EXTI2_IRQHandler                         0x0800015f   Thumb Code     0  startup_stm32f103xe.o(.text)
    EXTI3_IRQHandler                         0x0800015f   Thumb Code     0  startup_stm32f103xe.o(.text)
    EXTI4_IRQHandler                         0x0800015f   Thumb Code     0  startup_stm32f103xe.o(.text)
    EXTI9_5_IRQHandler                       0x0800015f   Thumb Code     0  startup_stm32f103xe.o(.text)
    FLASH_IRQHandler                         0x0800015f   Thumb Code     0  startup_stm32f103xe.o(.text)
    FSMC_IRQHandler                          0x0800015f   Thumb Code     0  startup_stm32f103xe.o(.text)
    I2C1_ER_IRQHandler                       0x0800015f   Thumb Code     0  startup_stm32f103xe.o(.text)
    I2C1_EV_IRQHandler                       0x0800015f   Thumb Code     0  startup_stm32f103xe.o(.text)
    I2C2_ER_IRQHandler                       0x0800015f   Thumb Code     0  startup_stm32f103xe.o(.text)
    I2C2_EV_IRQHandler                       0x0800015f   Thumb Code     0  startup_stm32f103xe.o(.text)
    PVD_IRQHandler                           0x0800015f   Thumb Code     0  startup_stm32f103xe.o(.text)
    RCC_IRQHandler                           0x0800015f   Thumb Code     0  startup_stm32f103xe.o(.text)
    RTC_Alarm_IRQHandler                     0x0800015f   Thumb Code     0  startup_stm32f103xe.o(.text)
    RTC_IRQHandler                           0x0800015f   Thumb Code     0  startup_stm32f103xe.o(.text)
    SDIO_IRQHandler                          0x0800015f   Thumb Code     0  startup_stm32f103xe.o(.text)
    SPI1_IRQHandler                          0x0800015f   Thumb Code     0  startup_stm32f103xe.o(.text)
    SPI2_IRQHandler                          0x0800015f   Thumb Code     0  startup_stm32f103xe.o(.text)
    SPI3_IRQHandler                          0x0800015f   Thumb Code     0  startup_stm32f103xe.o(.text)
    TAMPER_IRQHandler                        0x0800015f   Thumb Code     0  startup_stm32f103xe.o(.text)
    TIM1_BRK_IRQHandler                      0x0800015f   Thumb Code     0  startup_stm32f103xe.o(.text)
    TIM1_CC_IRQHandler                       0x0800015f   Thumb Code     0  startup_stm32f103xe.o(.text)
    TIM1_TRG_COM_IRQHandler                  0x0800015f   Thumb Code     0  startup_stm32f103xe.o(.text)
    TIM1_UP_IRQHandler                       0x0800015f   Thumb Code     0  startup_stm32f103xe.o(.text)
    TIM5_IRQHandler                          0x0800015f   Thumb Code     0  startup_stm32f103xe.o(.text)
    TIM6_IRQHandler                          0x0800015f   Thumb Code     0  startup_stm32f103xe.o(.text)
    TIM7_IRQHandler                          0x0800015f   Thumb Code     0  startup_stm32f103xe.o(.text)
    TIM8_BRK_IRQHandler                      0x0800015f   Thumb Code     0  startup_stm32f103xe.o(.text)
    TIM8_CC_IRQHandler                       0x0800015f   Thumb Code     0  startup_stm32f103xe.o(.text)
    TIM8_TRG_COM_IRQHandler                  0x0800015f   Thumb Code     0  startup_stm32f103xe.o(.text)
    TIM8_UP_IRQHandler                       0x0800015f   Thumb Code     0  startup_stm32f103xe.o(.text)
    UART4_IRQHandler                         0x0800015f   Thumb Code     0  startup_stm32f103xe.o(.text)
    UART5_IRQHandler                         0x0800015f   Thumb Code     0  startup_stm32f103xe.o(.text)
    USBWakeUp_IRQHandler                     0x0800015f   Thumb Code     0  startup_stm32f103xe.o(.text)
    USB_HP_CAN1_TX_IRQHandler                0x0800015f   Thumb Code     0  startup_stm32f103xe.o(.text)
    WWDG_IRQHandler                          0x0800015f   Thumb Code     0  startup_stm32f103xe.o(.text)
    __aeabi_llsr                             0x08000169   Thumb Code    32  llushr.o(.text)
    _ll_ushift_r                             0x08000169   Thumb Code     0  llushr.o(.text)
    __aeabi_fadd                             0x08000189   Thumb Code   164  fadd.o(.text)
    __aeabi_fsub                             0x0800022d   Thumb Code     6  fadd.o(.text)
    __aeabi_frsub                            0x08000233   Thumb Code     6  fadd.o(.text)
    __aeabi_fmul                             0x08000239   Thumb Code   100  fmul.o(.text)
    __aeabi_fdiv                             0x0800029d   Thumb Code   124  fdiv.o(.text)
    __aeabi_dadd                             0x08000319   Thumb Code   322  dadd.o(.text)
    __aeabi_dsub                             0x0800045b   Thumb Code     6  dadd.o(.text)
    __aeabi_drsub                            0x08000461   Thumb Code     6  dadd.o(.text)
    __aeabi_dmul                             0x08000467   Thumb Code   228  dmul.o(.text)
    __aeabi_ddiv                             0x0800054b   Thumb Code   222  ddiv.o(.text)
    __aeabi_i2f                              0x08000629   Thumb Code    18  fflti.o(.text)
    __aeabi_ui2f                             0x0800063b   Thumb Code    10  ffltui.o(.text)
    __aeabi_ui2d                             0x08000645   Thumb Code    26  dfltui.o(.text)
    __aeabi_f2iz                             0x0800065f   Thumb Code    50  ffixi.o(.text)
    __aeabi_f2uiz                            0x08000691   Thumb Code    40  ffixui.o(.text)
    __aeabi_d2uiz                            0x080006b9   Thumb Code    50  dfixui.o(.text)
    __aeabi_f2d                              0x080006eb   Thumb Code    38  f2d.o(.text)
    __aeabi_d2f                              0x08000711   Thumb Code    56  d2f.o(.text)
    __aeabi_cfcmpeq                          0x08000749   Thumb Code     0  cfcmple.o(.text)
    __aeabi_cfcmple                          0x08000749   Thumb Code    20  cfcmple.o(.text)
    __aeabi_llsl                             0x0800075d   Thumb Code    30  llshl.o(.text)
    _ll_shift_l                              0x0800075d   Thumb Code     0  llshl.o(.text)
    __aeabi_lasr                             0x0800077b   Thumb Code    36  llsshr.o(.text)
    _ll_sshift_r                             0x0800077b   Thumb Code     0  llsshr.o(.text)
    __I$use$fp                               0x0800079f   Thumb Code     0  iusefp.o(.text)
    _float_round                             0x0800079f   Thumb Code    18  fepilogue.o(.text)
    _float_epilogue                          0x080007b1   Thumb Code    92  fepilogue.o(.text)
    _double_round                            0x0800080d   Thumb Code    26  depilogue.o(.text)
    _double_epilogue                         0x08000827   Thumb Code   156  depilogue.o(.text)
    __scatterload                            0x080008c5   Thumb Code    28  init.o(.text)
    __scatterload_rt2                        0x080008c5   Thumb Code     0  init.o(.text)
    AD5689R_Init                             0x08000995   Thumb Code   126  ad5689r.o(i.AD5689R_Init)
    AD5689R_WriteIR                          0x08000ae3   Thumb Code   146  ad5689r.o(i.AD5689R_WriteIR)
    AD7988_1_Init                            0x08000b75   Thumb Code   214  ad7988_1.o(i.AD7988_1_Init)
    AD7988_1_ReadData                        0x08000c6b   Thumb Code    96  ad7988_1.o(i.AD7988_1_ReadData)
    ADC_CurrentScaling                       0x08000ccd   Thumb Code    90  ad8253.o(i.ADC_CurrentScaling)
    ADC_VoltageScaling                       0x08000d31   Thumb Code    92  ad8253.o(i.ADC_VoltageScaling)
    BusFault_Handler                         0x08000d95   Thumb Code     4  stm32f1xx_it.o(i.BusFault_Handler)
    Cali_Crrent_Neg                          0x08000d99   Thumb Code    64  calculation.o(i.Cali_Crrent_Neg)
    Cali_Crrent_Pos                          0x08000de1   Thumb Code    54  calculation.o(i.Cali_Crrent_Pos)
    ClearAllRangeRelay                       0x08000e55   Thumb Code   106  relay.o(i.ClearAllRangeRelay)
    ClearRangeRelay                          0x08000ec9   Thumb Code   152  relay.o(i.ClearRangeRelay)
    ConnectOutput                            0x08000f69   Thumb Code    14  relay.o(i.ConnectOutput)
    DebugMon_Handler                         0x08001249   Thumb Code     2  stm32f1xx_it.o(i.DebugMon_Handler)
    Delay_Init                               0x0800124d   Thumb Code    16  delay.o(i.Delay_Init)
    DisconnectOutput                         0x08001261   Thumb Code    14  relay.o(i.DisconnectOutput)
    Do_Calculation                           0x08001275   Thumb Code   254  calculation.o(i.Do_Calculation)
    EnterEndofTest                           0x0800138d   Thumb Code    34  main.o(i.EnterEndofTest)
    FLASH_PageErase                          0x080013e9   Thumb Code    32  stm32f1xx_hal_flash_ex.o(i.FLASH_PageErase)
    FLASH_WaitForLastOperation               0x080014b5   Thumb Code   106  stm32f1xx_hal_flash.o(i.FLASH_WaitForLastOperation)
    FlashErase                               0x08001525   Thumb Code    42  internalflash.o(i.FlashErase)
    FlashSaveCaliData                        0x08001551   Thumb Code   318  calculation.o(i.FlashSaveCaliData)
    GetMsgType                               0x080016a9   Thumb Code    48  app.o(i.GetMsgType)
    GetRelayPara                             0x080016d9   Thumb Code    66  relay.o(i.GetRelayPara)
    GetTestPara                              0x0800171b   Thumb Code   210  para_init.o(i.GetTestPara)
    HAL_DMA_Abort                            0x080017ed   Thumb Code    58  stm32f1xx_hal_dma.o(i.HAL_DMA_Abort)
    HAL_DMA_Abort_IT                         0x08001829   Thumb Code   414  stm32f1xx_hal_dma.o(i.HAL_DMA_Abort_IT)
    HAL_DMA_Init                             0x080019d1   Thumb Code   140  stm32f1xx_hal_dma.o(i.HAL_DMA_Init)
    HAL_DMA_Start_IT                         0x08001a65   Thumb Code   156  stm32f1xx_hal_dma.o(i.HAL_DMA_Start_IT)
    HAL_Delay                                0x08001b01   Thumb Code    30  stm32f1xx_hal.o(i.HAL_Delay)
    HAL_FLASHEx_Erase                        0x08001b21   Thumb Code   168  stm32f1xx_hal_flash_ex.o(i.HAL_FLASHEx_Erase)
    HAL_FLASH_Lock                           0x08001bd1   Thumb Code    16  stm32f1xx_hal_flash.o(i.HAL_FLASH_Lock)
    HAL_FLASH_Program                        0x08001be5   Thumb Code   168  stm32f1xx_hal_flash.o(i.HAL_FLASH_Program)
    HAL_FLASH_Unlock                         0x08001c95   Thumb Code    30  stm32f1xx_hal_flash.o(i.HAL_FLASH_Unlock)
    HAL_GPIO_Init                            0x08001cc1   Thumb Code   790  stm32f1xx_hal_gpio.o(i.HAL_GPIO_Init)
    HAL_GPIO_ReadPin                         0x08002001   Thumb Code    16  stm32f1xx_hal_gpio.o(i.HAL_GPIO_ReadPin)
    HAL_GPIO_TogglePin                       0x08002011   Thumb Code     8  stm32f1xx_hal_gpio.o(i.HAL_GPIO_TogglePin)
    HAL_GPIO_WritePin                        0x08002019   Thumb Code    12  stm32f1xx_hal_gpio.o(i.HAL_GPIO_WritePin)
    HAL_GetTick                              0x08002025   Thumb Code     6  stm32f1xx_hal.o(i.HAL_GetTick)
    HAL_IncTick                              0x08002031   Thumb Code    12  stm32f1xx_hal.o(i.HAL_IncTick)
    HAL_Init                                 0x08002041   Thumb Code    34  stm32f1xx_hal.o(i.HAL_Init)
    HAL_InitTick                             0x08002069   Thumb Code    36  stm32f1xx_hal.o(i.HAL_InitTick)
    HAL_MspInit                              0x08002091   Thumb Code   140  stm32f1xx_hal_msp.o(i.HAL_MspInit)
    HAL_NVIC_EnableIRQ                       0x08002125   Thumb Code    26  stm32f1xx_hal_cortex.o(i.HAL_NVIC_EnableIRQ)
    HAL_NVIC_SetPriority                     0x0800213f   Thumb Code   124  stm32f1xx_hal_cortex.o(i.HAL_NVIC_SetPriority)
    HAL_NVIC_SetPriorityGrouping             0x080021bd   Thumb Code    32  stm32f1xx_hal_cortex.o(i.HAL_NVIC_SetPriorityGrouping)
    HAL_PCD_DataInStageCallback              0x080021e5   Thumb Code    28  usbd_conf.o(i.HAL_PCD_DataInStageCallback)
    HAL_PCD_DataOutStageCallback             0x08002201   Thumb Code    28  usbd_conf.o(i.HAL_PCD_DataOutStageCallback)
    HAL_PCD_EP_ClrStall                      0x0800221d   Thumb Code    98  stm32f1xx_hal_pcd.o(i.HAL_PCD_EP_ClrStall)
    HAL_PCD_EP_Open                          0x0800227f   Thumb Code   118  stm32f1xx_hal_pcd.o(i.HAL_PCD_EP_Open)
    HAL_PCD_EP_Receive                       0x080022f5   Thumb Code    74  stm32f1xx_hal_pcd.o(i.HAL_PCD_EP_Receive)
    HAL_PCD_EP_SetStall                      0x0800233f   Thumb Code   114  stm32f1xx_hal_pcd.o(i.HAL_PCD_EP_SetStall)
    HAL_PCD_EP_Transmit                      0x080023b1   Thumb Code    76  stm32f1xx_hal_pcd.o(i.HAL_PCD_EP_Transmit)
    HAL_PCD_IRQHandler                       0x080023fd   Thumb Code   360  stm32f1xx_hal_pcd.o(i.HAL_PCD_IRQHandler)
    HAL_PCD_ResetCallback                    0x08002565   Thumb Code    42  usbd_conf.o(i.HAL_PCD_ResetCallback)
    HAL_PCD_ResumeCallback                   0x0800258f   Thumb Code    14  usbd_conf.o(i.HAL_PCD_ResumeCallback)
    HAL_PCD_SOFCallback                      0x0800259d   Thumb Code    14  usbd_conf.o(i.HAL_PCD_SOFCallback)
    HAL_PCD_SetAddress                       0x080025ab   Thumb Code    54  stm32f1xx_hal_pcd.o(i.HAL_PCD_SetAddress)
    HAL_PCD_SetupStageCallback               0x080025e1   Thumb Code    18  usbd_conf.o(i.HAL_PCD_SetupStageCallback)
    HAL_PCD_SuspendCallback                  0x080025f5   Thumb Code    30  usbd_conf.o(i.HAL_PCD_SuspendCallback)
    HAL_RCCEx_PeriphCLKConfig                0x08002619   Thumb Code   290  stm32f1xx_hal_rcc_ex.o(i.HAL_RCCEx_PeriphCLKConfig)
    HAL_RCC_ClockConfig                      0x08002749   Thumb Code   402  stm32f1xx_hal_rcc.o(i.HAL_RCC_ClockConfig)
    HAL_RCC_GetHCLKFreq                      0x080028ed   Thumb Code     6  stm32f1xx_hal_rcc.o(i.HAL_RCC_GetHCLKFreq)
    HAL_RCC_GetPCLK1Freq                     0x080028f9   Thumb Code    22  stm32f1xx_hal_rcc.o(i.HAL_RCC_GetPCLK1Freq)
    HAL_RCC_GetPCLK2Freq                     0x08002919   Thumb Code    22  stm32f1xx_hal_rcc.o(i.HAL_RCC_GetPCLK2Freq)
    HAL_RCC_GetSysClockFreq                  0x08002939   Thumb Code   118  stm32f1xx_hal_rcc.o(i.HAL_RCC_GetSysClockFreq)
    HAL_RCC_OscConfig                        0x080029d1   Thumb Code  1078  stm32f1xx_hal_rcc.o(i.HAL_RCC_OscConfig)
    HAL_SYSTICK_CLKSourceConfig              0x08002e11   Thumb Code    40  stm32f1xx_hal_cortex.o(i.HAL_SYSTICK_CLKSourceConfig)
    HAL_SYSTICK_Callback                     0x08002e39   Thumb Code     2  stm32f1xx_hal_cortex.o(i.HAL_SYSTICK_Callback)
    HAL_SYSTICK_Config                       0x08002e3b   Thumb Code    52  stm32f1xx_hal_cortex.o(i.HAL_SYSTICK_Config)
    HAL_SYSTICK_IRQHandler                   0x08002e6f   Thumb Code     8  stm32f1xx_hal_cortex.o(i.HAL_SYSTICK_IRQHandler)
    HAL_TIMEx_BreakCallback                  0x08002e77   Thumb Code     2  stm32f1xx_hal_tim_ex.o(i.HAL_TIMEx_BreakCallback)
    HAL_TIMEx_CommutationCallback            0x08002e79   Thumb Code     2  stm32f1xx_hal_tim_ex.o(i.HAL_TIMEx_CommutationCallback)
    HAL_TIMEx_MasterConfigSynchronization    0x08002e7b   Thumb Code    98  stm32f1xx_hal_tim_ex.o(i.HAL_TIMEx_MasterConfigSynchronization)
    HAL_TIM_Base_Init                        0x08002edd   Thumb Code    52  stm32f1xx_hal_tim.o(i.HAL_TIM_Base_Init)
    HAL_TIM_Base_MspInit                     0x08002f11   Thumb Code   166  stm32f1xx_hal_msp.o(i.HAL_TIM_Base_MspInit)
    HAL_TIM_Base_Start_IT                    0x08002fc5   Thumb Code    30  stm32f1xx_hal_tim.o(i.HAL_TIM_Base_Start_IT)
    HAL_TIM_Base_Stop_IT                     0x08002fe3   Thumb Code    56  stm32f1xx_hal_tim.o(i.HAL_TIM_Base_Stop_IT)
    HAL_TIM_ConfigClockSource                0x0800301b   Thumb Code   306  stm32f1xx_hal_tim.o(i.HAL_TIM_ConfigClockSource)
    HAL_TIM_IC_CaptureCallback               0x0800314d   Thumb Code     2  stm32f1xx_hal_tim.o(i.HAL_TIM_IC_CaptureCallback)
    HAL_TIM_IRQHandler                       0x0800314f   Thumb Code   406  stm32f1xx_hal_tim.o(i.HAL_TIM_IRQHandler)
    HAL_TIM_OC_DelayElapsedCallback          0x080032e5   Thumb Code     2  stm32f1xx_hal_tim.o(i.HAL_TIM_OC_DelayElapsedCallback)
    HAL_TIM_PWM_PulseFinishedCallback        0x080032e7   Thumb Code     2  stm32f1xx_hal_tim.o(i.HAL_TIM_PWM_PulseFinishedCallback)
    HAL_TIM_PeriodElapsedCallback            0x080032e9   Thumb Code   144  main.o(i.HAL_TIM_PeriodElapsedCallback)
    HAL_TIM_TriggerCallback                  0x0800339d   Thumb Code     2  stm32f1xx_hal_tim.o(i.HAL_TIM_TriggerCallback)
    HAL_UART_DMAStop                         0x0800339f   Thumb Code   102  stm32f1xx_hal_uart.o(i.HAL_UART_DMAStop)
    HAL_UART_ErrorCallback                   0x08003405   Thumb Code     2  stm32f1xx_hal_uart.o(i.HAL_UART_ErrorCallback)
    HAL_UART_IRQHandler                      0x08003409   Thumb Code   326  stm32f1xx_hal_uart.o(i.HAL_UART_IRQHandler)
    HAL_UART_Init                            0x08003555   Thumb Code   114  stm32f1xx_hal_uart.o(i.HAL_UART_Init)
    HAL_UART_MspInit                         0x080035c9   Thumb Code   438  stm32f1xx_hal_msp.o(i.HAL_UART_MspInit)
    HAL_UART_Receive_DMA                     0x080037c1   Thumb Code   182  stm32f1xx_hal_uart.o(i.HAL_UART_Receive_DMA)
    HAL_UART_RxCpltCallback                  0x08003885   Thumb Code     2  stm32f1xx_hal_uart.o(i.HAL_UART_RxCpltCallback)
    HAL_UART_RxHalfCpltCallback              0x08003887   Thumb Code     2  stm32f1xx_hal_uart.o(i.HAL_UART_RxHalfCpltCallback)
    HAL_UART_Transmit                        0x08003889   Thumb Code   214  stm32f1xx_hal_uart.o(i.HAL_UART_Transmit)
    HAL_UART_Transmit_DMA                    0x08003961   Thumb Code   142  stm32f1xx_hal_uart.o(i.HAL_UART_Transmit_DMA)
    HAL_UART_TxCpltCallback                  0x080039fd   Thumb Code     2  stm32f1xx_hal_uart.o(i.HAL_UART_TxCpltCallback)
    HAL_UART_TxHalfCpltCallback              0x080039ff   Thumb Code     2  stm32f1xx_hal_uart.o(i.HAL_UART_TxHalfCpltCallback)
    HardFault_Handler                        0x08003a01   Thumb Code     4  stm32f1xx_it.o(i.HardFault_Handler)
    Hardware_Init                            0x08003a05   Thumb Code   176  hardware.o(i.Hardware_Init)
    InitTestPara                             0x08003ad1   Thumb Code   292  para_init.o(i.InitTestPara)
    InitTestResult                           0x08003c79   Thumb Code    18  para_init.o(i.InitTestResult)
    MX_DMA_Init                              0x08003c8d   Thumb Code    32  hardware.o(i.MX_DMA_Init)
    MX_GPIO_Init                             0x08003cb1   Thumb Code   340  hardware.o(i.MX_GPIO_Init)
    MX_TIM2_Init                             0x08003e19   Thumb Code   104  hardware.o(i.MX_TIM2_Init)
    MX_TIM3_Init                             0x08003ead   Thumb Code   136  hardware.o(i.MX_TIM3_Init)
    MX_TIM4_Init                             0x08003f6d   Thumb Code   108  hardware.o(i.MX_TIM4_Init)
    MX_USART2_UART_Init                      0x08004009   Thumb Code    52  hardware.o(i.MX_USART2_UART_Init)
    MemManage_Handler                        0x0800406d   Thumb Code     4  stm32f1xx_it.o(i.MemManage_Handler)
    MyPow                                    0x08004071   Thumb Code    40  calculation.o(i.MyPow)
    NMI_Handler                              0x08004099   Thumb Code     2  stm32f1xx_it.o(i.NMI_Handler)
    OutputCurrent                            0x080040d5   Thumb Code   200  app.o(i.OutputCurrent)
    OutputNextCurrent                        0x080041a9   Thumb Code   254  main.o(i.OutputNextCurrent)
    OutputNextVoltage                        0x080042b9   Thumb Code   246  main.o(i.OutputNextVoltage)
    OutputVoltage                            0x080043bd   Thumb Code   320  app.o(i.OutputVoltage)
    OutputZeroVoltage                        0x08004529   Thumb Code    18  main.o(i.OutputZeroVoltage)
    PendSV_Handler                           0x0800497f   Thumb Code     2  stm32f1xx_it.o(i.PendSV_Handler)
    RelayCheck                               0x080049a9   Thumb Code   392  relay.o(i.RelayCheck)
    RelaySetInputScaling                     0x08004b3d   Thumb Code    78  relay.o(i.RelaySetInputScaling)
    RelaySetTestMode                         0x08004b91   Thumb Code    44  relay.o(i.RelaySetTestMode)
    RunCalibration                           0x08004bc1   Thumb Code    50  calculation.o(i.RunCalibration)
    SVC_Handler                              0x08004bfd   Thumb Code     2  stm32f1xx_it.o(i.SVC_Handler)
    SetRangeRelay                            0x08004bff   Thumb Code    26  relay.o(i.SetRangeRelay)
    SetRangeRelayDirect                      0x08004c19   Thumb Code   150  relay.o(i.SetRangeRelayDirect)
    SetTimerAction                           0x08004cb9   Thumb Code    54  timer_ctrl.o(i.SetTimerAction)
    SetTimerPara                             0x08004cf1   Thumb Code    56  timer_ctrl.o(i.SetTimerPara)
    StartNextSampling                        0x08004d35   Thumb Code    18  app.o(i.StartNextSampling)
    SysTick_Handler                          0x08004d4d   Thumb Code    12  stm32f1xx_it.o(i.SysTick_Handler)
    SystemClock_Config                       0x08004d59   Thumb Code   152  hardware.o(i.SystemClock_Config)
    SystemInit                               0x08004e19   Thumb Code    70  system_stm32f1xx.o(i.SystemInit)
    TIM2_IRQHandler                          0x08004e71   Thumb Code    10  stm32f1xx_it.o(i.TIM2_IRQHandler)
    TIM3_IRQHandler                          0x08004e81   Thumb Code    10  stm32f1xx_it.o(i.TIM3_IRQHandler)
    TIM4_IRQHandler                          0x08004e91   Thumb Code    10  stm32f1xx_it.o(i.TIM4_IRQHandler)
    TIM_Base_SetConfig                       0x08004ea1   Thumb Code   132  stm32f1xx_hal_tim.o(i.TIM_Base_SetConfig)
    USART1_IRQHandler                        0x0800544d   Thumb Code    10  stm32f1xx_it.o(i.USART1_IRQHandler)
    USART2_IRQHandler                        0x0800545d   Thumb Code   192  stm32f1xx_it.o(i.USART2_IRQHandler)
    USART3_IRQHandler                        0x0800552d   Thumb Code    10  stm32f1xx_it.o(i.USART3_IRQHandler)
    USBD_ClrClassConfig                      0x0800553d   Thumb Code    22  usbd_core.o(i.USBD_ClrClassConfig)
    USBD_CtlContinueRx                       0x08005597   Thumb Code    24  usbd_ioreq.o(i.USBD_CtlContinueRx)
    USBD_CtlContinueSendData                 0x080055af   Thumb Code    24  usbd_ioreq.o(i.USBD_CtlContinueSendData)
    USBD_CtlError                            0x080055c7   Thumb Code    24  usbd_ctlreq.o(i.USBD_CtlError)
    USBD_CtlReceiveStatus                    0x080055df   Thumb Code    26  usbd_ioreq.o(i.USBD_CtlReceiveStatus)
    USBD_CtlSendData                         0x080055f9   Thumb Code    34  usbd_ioreq.o(i.USBD_CtlSendData)
    USBD_CtlSendStatus                       0x0800561b   Thumb Code    26  usbd_ioreq.o(i.USBD_CtlSendStatus)
    USBD_LL_ClearStallEP                     0x08005819   Thumb Code    68  usbd_conf.o(i.USBD_LL_ClearStallEP)
    USBD_LL_DataInStage                      0x0800585d   Thumb Code   218  usbd_core.o(i.USBD_LL_DataInStage)
    USBD_LL_DataOutStage                     0x08005937   Thumb Code   134  usbd_core.o(i.USBD_LL_DataOutStage)
    USBD_LL_IsStallEP                        0x080059bd   Thumb Code    48  usbd_conf.o(i.USBD_LL_IsStallEP)
    USBD_LL_OpenEP                           0x080059ed   Thumb Code    98  usbd_conf.o(i.USBD_LL_OpenEP)
    USBD_LL_PrepareReceive                   0x08005a4f   Thumb Code    98  usbd_conf.o(i.USBD_LL_PrepareReceive)
    USBD_LL_Reset                            0x08005ab1   Thumb Code    68  usbd_core.o(i.USBD_LL_Reset)
    USBD_LL_Resume                           0x08005af5   Thumb Code    14  usbd_core.o(i.USBD_LL_Resume)
    USBD_LL_SOF                              0x08005b03   Thumb Code    34  usbd_core.o(i.USBD_LL_SOF)
    USBD_LL_SetSpeed                         0x08005b25   Thumb Code     8  usbd_core.o(i.USBD_LL_SetSpeed)
    USBD_LL_SetUSBAddress                    0x08005b2d   Thumb Code    68  usbd_conf.o(i.USBD_LL_SetUSBAddress)
    USBD_LL_SetupStage                       0x08005b71   Thumb Code   110  usbd_core.o(i.USBD_LL_SetupStage)
    USBD_LL_StallEP                          0x08005bdf   Thumb Code    68  usbd_conf.o(i.USBD_LL_StallEP)
    USBD_LL_Suspend                          0x08005c23   Thumb Code    20  usbd_core.o(i.USBD_LL_Suspend)
    USBD_LL_Transmit                         0x08005c37   Thumb Code    98  usbd_conf.o(i.USBD_LL_Transmit)
    USBD_ParseSetupRequest                   0x08005c99   Thumb Code    40  usbd_ctlreq.o(i.USBD_ParseSetupRequest)
    USBD_RunTestMode                         0x08005cc1   Thumb Code     6  usbd_core.o(i.USBD_RunTestMode)
    USBD_SetClassConfig                      0x08005d1b   Thumb Code    34  usbd_core.o(i.USBD_SetClassConfig)
    USBD_StdDevReq                           0x08005e41   Thumb Code   114  usbd_ctlreq.o(i.USBD_StdDevReq)
    USBD_StdEPReq                            0x08005eb3   Thumb Code   342  usbd_ctlreq.o(i.USBD_StdEPReq)
    USBD_StdItfReq                           0x08006009   Thumb Code    74  usbd_ctlreq.o(i.USBD_StdItfReq)
    USB_ActivateEndpoint                     0x08006053   Thumb Code   938  stm32f1xx_ll_usb.o(i.USB_ActivateEndpoint)
    USB_EP0_OutStart                         0x080063fd   Thumb Code     6  stm32f1xx_ll_usb.o(i.USB_EP0_OutStart)
    USB_EPClearStall                         0x08006403   Thumb Code   180  stm32f1xx_ll_usb.o(i.USB_EPClearStall)
    USB_EPSetStall                           0x080064b7   Thumb Code   134  stm32f1xx_ll_usb.o(i.USB_EPSetStall)
    USB_EPStartXfer                          0x0800653d   Thumb Code   818  stm32f1xx_ll_usb.o(i.USB_EPStartXfer)
    USB_LP_CAN1_RX0_IRQHandler               0x08006871   Thumb Code    10  stm32f1xx_it.o(i.USB_LP_CAN1_RX0_IRQHandler)
    USB_ReadInterrupts                       0x08006881   Thumb Code    10  stm32f1xx_ll_usb.o(i.USB_ReadInterrupts)
    USB_ReadPMA                              0x0800688b   Thumb Code    40  stm32f1xx_ll_usb.o(i.USB_ReadPMA)
    USB_SetDevAddress                        0x080068b3   Thumb Code    14  stm32f1xx_ll_usb.o(i.USB_SetDevAddress)
    USB_WritePMA                             0x080068c1   Thumb Code    66  stm32f1xx_ll_usb.o(i.USB_WritePMA)
    UsageFault_Handler                       0x08006903   Thumb Code     4  stm32f1xx_it.o(i.UsageFault_Handler)
    _Error_Handler                           0x080069d9   Thumb Code     4  main.o(i._Error_Handler)
    __0sprintf$bare                          0x080069dd   Thumb Code    32  printfb.o(i.__0sprintf$bare)
    __1sprintf$bare                          0x080069dd   Thumb Code     0  printfb.o(i.__0sprintf$bare)
    __2sprintf                               0x080069dd   Thumb Code     0  printfb.o(i.__0sprintf$bare)
    __scatterload_copy                       0x08006a01   Thumb Code    14  handlers.o(i.__scatterload_copy)
    __scatterload_null                       0x08006a0f   Thumb Code     2  handlers.o(i.__scatterload_null)
    __scatterload_zeroinit                   0x08006a11   Thumb Code    14  handlers.o(i.__scatterload_zeroinit)
    delay_us                                 0x08006a4d   Thumb Code    68  delay.o(i.delay_us)
    main                                     0x08006a95   Thumb Code   622  main.o(i.main)
    prepareTxData                            0x08006d59   Thumb Code    94  pc485_tx_protocol.o(i.prepareTxData)
    AHBPrescTable                            0x08006db6   Data          16  system_stm32f1xx.o(.constdata)
    APBPrescTable                            0x08006dc6   Data           8  system_stm32f1xx.o(.constdata)
    Region$$Table$$Base                      0x08006dd0   Number         0  anon$$obj.o(Region$$Table)
    Region$$Table$$Limit                     0x08006df0   Number         0  anon$$obj.o(Region$$Table)
    SystemCoreClock                          0x20000000   Data           4  system_stm32f1xx.o(.data)
    msgType                                  0x20000006   Data           1  main.o(.data)
    ADC_status                               0x20000007   Data           1  main.o(.data)
    RxComplete                               0x20000008   Data           1  main.o(.data)
    TxComplete                               0x20000009   Data           1  main.o(.data)
    quietTimeTick                            0x2000000a   Data           2  main.o(.data)
    firstDataReady                           0x2000000c   Data           1  main.o(.data)
    uwTick                                   0x20000010   Data           4  stm32f1xx_hal.o(.data)
    fac_us                                   0x20000014   Data           1  delay.o(.data)
    silenttime_past                          0x20000018   Data           1  para_init.o(.data)
    ADCread_status                           0x20000019   Data           1  para_init.o(.data)
    sample_count                             0x2000001c   Data           4  para_init.o(.data)
    sample_totalval                          0x20000020   Data           4  para_init.o(.data)
    Adj_OutputOffset                         0x20000024   Data           4  para_init.o(.data)
    Adj_OutputLinear                         0x20000028   Data           4  para_init.o(.data)
    Adj_MeasIOffset                          0x2000002c   Data           4  para_init.o(.data)
    Adj_MeasILinear                          0x20000030   Data           4  para_init.o(.data)
    Adj_MeasVOffset_1D12                     0x20000034   Data           4  para_init.o(.data)
    Adj_MeasVLinear_1D12                     0x20000038   Data           4  para_init.o(.data)
    Adj_MeasVOffset_5D6                      0x2000003c   Data           4  para_init.o(.data)
    Adj_MeasVLinear_5D6                      0x20000040   Data           4  para_init.o(.data)
    TestPara                                 0x20000044   Data          34  main.o(.bss)
    TestResult                               0x20000068   Data          32  main.o(.bss)
    Uart2RxBuf                               0x20000088   Data         512  main.o(.bss)
    Uart2TxBuf                               0x20000288   Data         512  main.o(.bss)
    hpcd_USB_FS                              0x20000488   Data        1120  usbd_conf.o(.bss)
    pFlash                                   0x20000908   Data          32  stm32f1xx_hal_flash.o(.bss)
    Relay                                    0x20000928   Data          10  relay.o(.bss)
    Adj_RelayOffset                          0x20000934   Data          40  para_init.o(.bss)
    Adj_Pos_gt2400_RelayLinear               0x2000095c   Data          40  para_init.o(.bss)
    Adj_Neg_gt2400_RelayLinear               0x20000984   Data          40  para_init.o(.bss)
    Adj_Pos_lt2400_RelayLinear               0x200009ac   Data          40  para_init.o(.bss)
    Adj_Neg_lt2400_RelayLinear               0x200009d4   Data          40  para_init.o(.bss)
    htim2                                    0x200009fc   Data          64  hardware.o(.bss)
    htim3                                    0x20000a3c   Data          64  hardware.o(.bss)
    htim4                                    0x20000a7c   Data          64  hardware.o(.bss)
    huart1                                   0x20000abc   Data          64  hardware.o(.bss)
    huart2                                   0x20000afc   Data          64  hardware.o(.bss)
    huart3                                   0x20000b3c   Data          64  hardware.o(.bss)
    hdma_usart2_rx                           0x20000b7c   Data          68  hardware.o(.bss)
    hdma_usart2_tx                           0x20000bc0   Data          68  hardware.o(.bss)
    hAD5689R1                                0x20000c04   Data          32  hardware.o(.bss)
    hAD7988_1_1                              0x20000c24   Data          32  hardware.o(.bss)
    hAD7988_1_2                              0x20000c44   Data          32  hardware.o(.bss)
    __initial_sp                             0x20001068   Data           0  startup_stm32f103xe.o(STACK)



==============================================================================

Memory Map of the image

  Image Entry point : 0x08000131

  Load Region LR_IROM1 (Base: 0x08000000, Size: 0x00006e34, Max: 0x00080000, ABSOLUTE)

    Execution Region ER_IROM1 (Base: 0x08000000, Size: 0x00006df0, Max: 0x00080000, ABSOLUTE)

    Base Addr    Size         Type   Attr      Idx    E Section Name        Object

    0x08000000   0x00000130   Data   RO          129    RESET               startup_stm32f103xe.o
    0x08000130   0x00000000   Code   RO         4392  * .ARM.Collect$$$$00000000  mc_w.l(entry.o)
    0x08000130   0x00000004   Code   RO         4693    .ARM.Collect$$$$00000001  mc_w.l(entry2.o)
    0x08000134   0x00000004   Code   RO         4696    .ARM.Collect$$$$00000004  mc_w.l(entry5.o)
    0x08000138   0x00000000   Code   RO         4698    .ARM.Collect$$$$00000008  mc_w.l(entry7b.o)
    0x08000138   0x00000000   Code   RO         4700    .ARM.Collect$$$$0000000A  mc_w.l(entry8b.o)
    0x08000138   0x00000008   Code   RO         4701    .ARM.Collect$$$$0000000B  mc_w.l(entry9a.o)
    0x08000140   0x00000000   Code   RO         4703    .ARM.Collect$$$$0000000D  mc_w.l(entry10a.o)
    0x08000140   0x00000000   Code   RO         4705    .ARM.Collect$$$$0000000F  mc_w.l(entry11a.o)
    0x08000140   0x00000004   Code   RO         4694    .ARM.Collect$$$$00002712  mc_w.l(entry2.o)
    0x08000144   0x00000024   Code   RO          130    .text               startup_stm32f103xe.o
    0x08000168   0x00000020   Code   RO         4395    .text               mc_w.l(llushr.o)
    0x08000188   0x000000b0   Code   RO         4661    .text               mf_w.l(fadd.o)
    0x08000238   0x00000064   Code   RO         4663    .text               mf_w.l(fmul.o)
    0x0800029c   0x0000007c   Code   RO         4665    .text               mf_w.l(fdiv.o)
    0x08000318   0x0000014e   Code   RO         4667    .text               mf_w.l(dadd.o)
    0x08000466   0x000000e4   Code   RO         4669    .text               mf_w.l(dmul.o)
    0x0800054a   0x000000de   Code   RO         4671    .text               mf_w.l(ddiv.o)
    0x08000628   0x00000012   Code   RO         4673    .text               mf_w.l(fflti.o)
    0x0800063a   0x0000000a   Code   RO         4675    .text               mf_w.l(ffltui.o)
    0x08000644   0x0000001a   Code   RO         4677    .text               mf_w.l(dfltui.o)
    0x0800065e   0x00000032   Code   RO         4679    .text               mf_w.l(ffixi.o)
    0x08000690   0x00000028   Code   RO         4681    .text               mf_w.l(ffixui.o)
    0x080006b8   0x00000032   Code   RO         4683    .text               mf_w.l(dfixui.o)
    0x080006ea   0x00000026   Code   RO         4685    .text               mf_w.l(f2d.o)
    0x08000710   0x00000038   Code   RO         4687    .text               mf_w.l(d2f.o)
    0x08000748   0x00000014   Code   RO         4689    .text               mf_w.l(cfcmple.o)
    0x0800075c   0x0000001e   Code   RO         4714    .text               mc_w.l(llshl.o)
    0x0800077a   0x00000024   Code   RO         4716    .text               mc_w.l(llsshr.o)
    0x0800079e   0x00000000   Code   RO         4718    .text               mc_w.l(iusefp.o)
    0x0800079e   0x0000006e   Code   RO         4719    .text               mf_w.l(fepilogue.o)
    0x0800080c   0x000000b6   Code   RO         4721    .text               mf_w.l(depilogue.o)
    0x080008c2   0x00000002   PAD
    0x080008c4   0x00000024   Code   RO         4727    .text               mc_w.l(init.o)
    0x080008e8   0x000000ac   Code   RO         3816    i.AD5689R_ChangeMode  ad5689r.o
    0x08000994   0x00000088   Code   RO         3817    i.AD5689R_Init      ad5689r.o
    0x08000a1c   0x00000012   Code   RO         3818    i.AD5689R_Pin_Init  ad5689r.o
    0x08000a2e   0x0000005c   Code   RO         3819    i.AD5689R_WriteChCode  ad5689r.o
    0x08000a8a   0x00000058   Code   RO         3820    i.AD5689R_WriteCmdCode  ad5689r.o
    0x08000ae2   0x00000092   Code   RO         3821    i.AD5689R_WriteIR   ad5689r.o
    0x08000b74   0x000000e4   Code   RO         3866    i.AD7988_1_Init     ad7988_1.o
    0x08000c58   0x00000012   Code   RO         3867    i.AD7988_1_Pin_Init  ad7988_1.o
    0x08000c6a   0x00000060   Code   RO         3868    i.AD7988_1_ReadData  ad7988_1.o
    0x08000cca   0x00000002   PAD
    0x08000ccc   0x00000064   Code   RO         4319    i.ADC_CurrentScaling  ad8253.o
    0x08000d30   0x00000064   Code   RO         4320    i.ADC_VoltageScaling  ad8253.o
    0x08000d94   0x00000004   Code   RO          818    i.BusFault_Handler  stm32f1xx_it.o
    0x08000d98   0x00000048   Code   RO         4083    i.Cali_Crrent_Neg   calculation.o
    0x08000de0   0x0000003c   Code   RO         4084    i.Cali_Crrent_Pos   calculation.o
    0x08000e1c   0x00000038   Code   RO         4250    i.ChangeTimer       timer_ctrl.o
    0x08000e54   0x00000074   Code   RO         3934    i.ClearAllRangeRelay  relay.o
    0x08000ec8   0x000000a0   Code   RO         3935    i.ClearRangeRelay   relay.o
    0x08000f68   0x00000014   Code   RO         3936    i.ConnectOutput     relay.o
    0x08000f7c   0x000002a0   Code   RO         4086    i.CurrentRangeCalibration  calculation.o
    0x0800121c   0x0000002c   Code   RO         3194    i.DMA_SetConfig     stm32f1xx_hal_dma.o
    0x08001248   0x00000002   Code   RO          819    i.DebugMon_Handler  stm32f1xx_it.o
    0x0800124a   0x00000002   PAD
    0x0800124c   0x00000014   Code   RO         3901    i.Delay_Init        delay.o
    0x08001260   0x00000014   Code   RO         3937    i.DisconnectOutput  relay.o
    0x08001274   0x00000118   Code   RO         4087    i.Do_Calculation    calculation.o
    0x0800138c   0x00000034   Code   RO          649    i.EnterEndofTest    main.o
    0x080013c0   0x00000028   Code   RO         1267    i.FLASH_MassErase   stm32f1xx_hal_flash_ex.o
    0x080013e8   0x00000028   Code   RO         1276    i.FLASH_PageErase   stm32f1xx_hal_flash_ex.o
    0x08001410   0x00000020   Code   RO         2202    i.FLASH_Program_HalfWord  stm32f1xx_hal_flash.o
    0x08001430   0x00000084   Code   RO         2203    i.FLASH_SetErrorCode  stm32f1xx_hal_flash.o
    0x080014b4   0x00000070   Code   RO         2204    i.FLASH_WaitForLastOperation  stm32f1xx_hal_flash.o
    0x08001524   0x0000002a   Code   RO         4349    i.FlashErase        internalflash.o
    0x0800154e   0x00000002   PAD
    0x08001550   0x00000158   Code   RO         4088    i.FlashSaveCaliData  calculation.o
    0x080016a8   0x00000030   Code   RO         1174    i.GetMsgType        app.o
    0x080016d8   0x00000042   Code   RO         3938    i.GetRelayPara      relay.o
    0x0800171a   0x000000d2   Code   RO         4023    i.GetTestPara       para_init.o
    0x080017ec   0x0000003a   Code   RO         3195    i.HAL_DMA_Abort     stm32f1xx_hal_dma.o
    0x08001826   0x00000002   PAD
    0x08001828   0x000001a8   Code   RO         3196    i.HAL_DMA_Abort_IT  stm32f1xx_hal_dma.o
    0x080019d0   0x00000094   Code   RO         3201    i.HAL_DMA_Init      stm32f1xx_hal_dma.o
    0x08001a64   0x0000009c   Code   RO         3205    i.HAL_DMA_Start_IT  stm32f1xx_hal_dma.o
    0x08001b00   0x0000001e   Code   RO         3060    i.HAL_Delay         stm32f1xx_hal.o
    0x08001b1e   0x00000002   PAD
    0x08001b20   0x000000b0   Code   RO         1277    i.HAL_FLASHEx_Erase  stm32f1xx_hal_flash_ex.o
    0x08001bd0   0x00000014   Code   RO         2208    i.HAL_FLASH_Lock    stm32f1xx_hal_flash.o
    0x08001be4   0x000000b0   Code   RO         2213    i.HAL_FLASH_Program  stm32f1xx_hal_flash.o
    0x08001c94   0x0000002c   Code   RO         2215    i.HAL_FLASH_Unlock  stm32f1xx_hal_flash.o
    0x08001cc0   0x00000340   Code   RO         3292    i.HAL_GPIO_Init     stm32f1xx_hal_gpio.o
    0x08002000   0x00000010   Code   RO         3294    i.HAL_GPIO_ReadPin  stm32f1xx_hal_gpio.o
    0x08002010   0x00000008   Code   RO         3295    i.HAL_GPIO_TogglePin  stm32f1xx_hal_gpio.o
    0x08002018   0x0000000c   Code   RO         3296    i.HAL_GPIO_WritePin  stm32f1xx_hal_gpio.o
    0x08002024   0x0000000c   Code   RO         3064    i.HAL_GetTick       stm32f1xx_hal.o
    0x08002030   0x00000010   Code   RO         3066    i.HAL_IncTick       stm32f1xx_hal.o
    0x08002040   0x00000028   Code   RO         3067    i.HAL_Init          stm32f1xx_hal.o
    0x08002068   0x00000028   Code   RO         3068    i.HAL_InitTick      stm32f1xx_hal.o
    0x08002090   0x00000094   Code   RO          769    i.HAL_MspInit       stm32f1xx_hal_msp.o
    0x08002124   0x0000001a   Code   RO         1536    i.HAL_NVIC_EnableIRQ  stm32f1xx_hal_cortex.o
    0x0800213e   0x0000007c   Code   RO         1542    i.HAL_NVIC_SetPriority  stm32f1xx_hal_cortex.o
    0x080021ba   0x00000002   PAD
    0x080021bc   0x00000028   Code   RO         1543    i.HAL_NVIC_SetPriorityGrouping  stm32f1xx_hal_cortex.o
    0x080021e4   0x0000001c   Code   RO          968    i.HAL_PCD_DataInStageCallback  usbd_conf.o
    0x08002200   0x0000001c   Code   RO          969    i.HAL_PCD_DataOutStageCallback  usbd_conf.o
    0x0800221c   0x00000062   Code   RO         1666    i.HAL_PCD_EP_ClrStall  stm32f1xx_hal_pcd.o
    0x0800227e   0x00000076   Code   RO         1669    i.HAL_PCD_EP_Open   stm32f1xx_hal_pcd.o
    0x080022f4   0x0000004a   Code   RO         1670    i.HAL_PCD_EP_Receive  stm32f1xx_hal_pcd.o
    0x0800233e   0x00000072   Code   RO         1671    i.HAL_PCD_EP_SetStall  stm32f1xx_hal_pcd.o
    0x080023b0   0x0000004c   Code   RO         1672    i.HAL_PCD_EP_Transmit  stm32f1xx_hal_pcd.o
    0x080023fc   0x00000168   Code   RO         1674    i.HAL_PCD_IRQHandler  stm32f1xx_hal_pcd.o
    0x08002564   0x0000002a   Code   RO          975    i.HAL_PCD_ResetCallback  usbd_conf.o
    0x0800258e   0x0000000e   Code   RO          976    i.HAL_PCD_ResumeCallback  usbd_conf.o
    0x0800259c   0x0000000e   Code   RO          977    i.HAL_PCD_SOFCallback  usbd_conf.o
    0x080025aa   0x00000036   Code   RO         1683    i.HAL_PCD_SetAddress  stm32f1xx_hal_pcd.o
    0x080025e0   0x00000012   Code   RO          978    i.HAL_PCD_SetupStageCallback  usbd_conf.o
    0x080025f2   0x00000002   PAD
    0x080025f4   0x00000024   Code   RO          979    i.HAL_PCD_SuspendCallback  usbd_conf.o
    0x08002618   0x00000130   Code   RO         3590    i.HAL_RCCEx_PeriphCLKConfig  stm32f1xx_hal_rcc_ex.o
    0x08002748   0x000001a4   Code   RO         2306    i.HAL_RCC_ClockConfig  stm32f1xx_hal_rcc.o
    0x080028ec   0x0000000c   Code   RO         2311    i.HAL_RCC_GetHCLKFreq  stm32f1xx_hal_rcc.o
    0x080028f8   0x00000020   Code   RO         2313    i.HAL_RCC_GetPCLK1Freq  stm32f1xx_hal_rcc.o
    0x08002918   0x00000020   Code   RO         2314    i.HAL_RCC_GetPCLK2Freq  stm32f1xx_hal_rcc.o
    0x08002938   0x00000098   Code   RO         2315    i.HAL_RCC_GetSysClockFreq  stm32f1xx_hal_rcc.o
    0x080029d0   0x00000440   Code   RO         2318    i.HAL_RCC_OscConfig  stm32f1xx_hal_rcc.o
    0x08002e10   0x00000028   Code   RO         1545    i.HAL_SYSTICK_CLKSourceConfig  stm32f1xx_hal_cortex.o
    0x08002e38   0x00000002   Code   RO         1546    i.HAL_SYSTICK_Callback  stm32f1xx_hal_cortex.o
    0x08002e3a   0x00000034   Code   RO         1547    i.HAL_SYSTICK_Config  stm32f1xx_hal_cortex.o
    0x08002e6e   0x00000008   Code   RO         1548    i.HAL_SYSTICK_IRQHandler  stm32f1xx_hal_cortex.o
    0x08002e76   0x00000002   Code   RO         3355    i.HAL_TIMEx_BreakCallback  stm32f1xx_hal_tim_ex.o
    0x08002e78   0x00000002   Code   RO         3356    i.HAL_TIMEx_CommutationCallback  stm32f1xx_hal_tim_ex.o
    0x08002e7a   0x00000062   Code   RO         3372    i.HAL_TIMEx_MasterConfigSynchronization  stm32f1xx_hal_tim_ex.o
    0x08002edc   0x00000034   Code   RO         2414    i.HAL_TIM_Base_Init  stm32f1xx_hal_tim.o
    0x08002f10   0x000000b4   Code   RO          771    i.HAL_TIM_Base_MspInit  stm32f1xx_hal_msp.o
    0x08002fc4   0x0000001e   Code   RO         2419    i.HAL_TIM_Base_Start_IT  stm32f1xx_hal_tim.o
    0x08002fe2   0x00000038   Code   RO         2422    i.HAL_TIM_Base_Stop_IT  stm32f1xx_hal_tim.o
    0x0800301a   0x00000132   Code   RO         2423    i.HAL_TIM_ConfigClockSource  stm32f1xx_hal_tim.o
    0x0800314c   0x00000002   Code   RO         2443    i.HAL_TIM_IC_CaptureCallback  stm32f1xx_hal_tim.o
    0x0800314e   0x00000196   Code   RO         2456    i.HAL_TIM_IRQHandler  stm32f1xx_hal_tim.o
    0x080032e4   0x00000002   Code   RO         2459    i.HAL_TIM_OC_DelayElapsedCallback  stm32f1xx_hal_tim.o
    0x080032e6   0x00000002   Code   RO         2486    i.HAL_TIM_PWM_PulseFinishedCallback  stm32f1xx_hal_tim.o
    0x080032e8   0x000000b4   Code   RO          650    i.HAL_TIM_PeriodElapsedCallback  main.o
    0x0800339c   0x00000002   Code   RO         2497    i.HAL_TIM_TriggerCallback  stm32f1xx_hal_tim.o
    0x0800339e   0x00000066   Code   RO         1890    i.HAL_UART_DMAStop  stm32f1xx_hal_uart.o
    0x08003404   0x00000002   Code   RO         1892    i.HAL_UART_ErrorCallback  stm32f1xx_hal_uart.o
    0x08003406   0x00000002   PAD
    0x08003408   0x0000014c   Code   RO         1895    i.HAL_UART_IRQHandler  stm32f1xx_hal_uart.o
    0x08003554   0x00000072   Code   RO         1896    i.HAL_UART_Init     stm32f1xx_hal_uart.o
    0x080035c6   0x00000002   PAD
    0x080035c8   0x000001f8   Code   RO          773    i.HAL_UART_MspInit  stm32f1xx_hal_msp.o
    0x080037c0   0x000000c4   Code   RO         1900    i.HAL_UART_Receive_DMA  stm32f1xx_hal_uart.o
    0x08003884   0x00000002   Code   RO         1902    i.HAL_UART_RxCpltCallback  stm32f1xx_hal_uart.o
    0x08003886   0x00000002   Code   RO         1903    i.HAL_UART_RxHalfCpltCallback  stm32f1xx_hal_uart.o
    0x08003888   0x000000d6   Code   RO         1904    i.HAL_UART_Transmit  stm32f1xx_hal_uart.o
    0x0800395e   0x00000002   PAD
    0x08003960   0x0000009c   Code   RO         1905    i.HAL_UART_Transmit_DMA  stm32f1xx_hal_uart.o
    0x080039fc   0x00000002   Code   RO         1907    i.HAL_UART_TxCpltCallback  stm32f1xx_hal_uart.o
    0x080039fe   0x00000002   Code   RO         1908    i.HAL_UART_TxHalfCpltCallback  stm32f1xx_hal_uart.o
    0x08003a00   0x00000004   Code   RO          820    i.HardFault_Handler  stm32f1xx_it.o
    0x08003a04   0x000000cc   Code   RO         4166    i.Hardware_Init     hardware.o
    0x08003ad0   0x000001a8   Code   RO         4024    i.InitTestPara      para_init.o
    0x08003c78   0x00000012   Code   RO         4025    i.InitTestResult    para_init.o
    0x08003c8a   0x00000002   PAD
    0x08003c8c   0x00000024   Code   RO         4167    i.MX_DMA_Init       hardware.o
    0x08003cb0   0x00000168   Code   RO         4168    i.MX_GPIO_Init      hardware.o
    0x08003e18   0x00000094   Code   RO         4169    i.MX_TIM2_Init      hardware.o
    0x08003eac   0x000000c0   Code   RO         4170    i.MX_TIM3_Init      hardware.o
    0x08003f6c   0x0000009c   Code   RO         4171    i.MX_TIM4_Init      hardware.o
    0x08004008   0x00000064   Code   RO         4173    i.MX_USART2_UART_Init  hardware.o
    0x0800406c   0x00000004   Code   RO          821    i.MemManage_Handler  stm32f1xx_it.o
    0x08004070   0x00000028   Code   RO         4089    i.MyPow             calculation.o
    0x08004098   0x00000002   Code   RO          822    i.NMI_Handler       stm32f1xx_it.o
    0x0800409a   0x00000002   PAD
    0x0800409c   0x00000010   Code   RO         1549    i.NVIC_GetPriorityGrouping  stm32f1xx_hal_cortex.o
    0x080040ac   0x00000028   Code   RO         1550    i.NVIC_SetPriority  stm32f1xx_hal_cortex.o
    0x080040d4   0x000000d4   Code   RO         1175    i.OutputCurrent     app.o
    0x080041a8   0x00000110   Code   RO          651    i.OutputNextCurrent  main.o
    0x080042b8   0x00000104   Code   RO          652    i.OutputNextVoltage  main.o
    0x080043bc   0x0000016c   Code   RO         1176    i.OutputVoltage     app.o
    0x08004528   0x00000012   Code   RO          653    i.OutputZeroVoltage  main.o
    0x0800453a   0x00000444   Code   RO         1688    i.PCD_EP_ISR_Handler  stm32f1xx_hal_pcd.o
    0x0800497e   0x00000002   Code   RO          823    i.PendSV_Handler    stm32f1xx_it.o
    0x08004980   0x00000028   Code   RO         2319    i.RCC_Delay         stm32f1xx_hal_rcc.o
    0x080049a8   0x00000194   Code   RO         3939    i.RelayCheck        relay.o
    0x08004b3c   0x00000054   Code   RO         3940    i.RelaySetInputScaling  relay.o
    0x08004b90   0x00000030   Code   RO         3941    i.RelaySetTestMode  relay.o
    0x08004bc0   0x0000003c   Code   RO         4090    i.RunCalibration    calculation.o
    0x08004bfc   0x00000002   Code   RO          824    i.SVC_Handler       stm32f1xx_it.o
    0x08004bfe   0x0000001a   Code   RO         3942    i.SetRangeRelay     relay.o
    0x08004c18   0x000000a0   Code   RO         3943    i.SetRangeRelayDirect  relay.o
    0x08004cb8   0x00000036   Code   RO         4251    i.SetTimerAction    timer_ctrl.o
    0x08004cee   0x00000002   PAD
    0x08004cf0   0x00000044   Code   RO         4252    i.SetTimerPara      timer_ctrl.o
    0x08004d34   0x00000018   Code   RO         1179    i.StartNextSampling  app.o
    0x08004d4c   0x0000000c   Code   RO          825    i.SysTick_Handler   stm32f1xx_it.o
    0x08004d58   0x000000c0   Code   RO         4175    i.SystemClock_Config  hardware.o
    0x08004e18   0x00000058   Code   RO            5    i.SystemInit        system_stm32f1xx.o
    0x08004e70   0x00000010   Code   RO          826    i.TIM2_IRQHandler   stm32f1xx_it.o
    0x08004e80   0x00000010   Code   RO          827    i.TIM3_IRQHandler   stm32f1xx_it.o
    0x08004e90   0x00000010   Code   RO          828    i.TIM4_IRQHandler   stm32f1xx_it.o
    0x08004ea0   0x00000098   Code   RO         2498    i.TIM_Base_SetConfig  stm32f1xx_hal_tim.o
    0x08004f38   0x00000018   Code   RO         2505    i.TIM_ETR_SetConfig  stm32f1xx_hal_tim.o
    0x08004f50   0x00000014   Code   RO         2506    i.TIM_ITRx_SetConfig  stm32f1xx_hal_tim.o
    0x08004f64   0x0000002a   Code   RO         2512    i.TIM_TI1_ConfigInputStage  stm32f1xx_hal_tim.o
    0x08004f8e   0x0000002c   Code   RO         2514    i.TIM_TI2_ConfigInputStage  stm32f1xx_hal_tim.o
    0x08004fba   0x00000014   Code   RO         1909    i.UART_DMAAbortOnError  stm32f1xx_hal_uart.o
    0x08004fce   0x00000050   Code   RO         1910    i.UART_DMAError     stm32f1xx_hal_uart.o
    0x0800501e   0x00000046   Code   RO         1911    i.UART_DMAReceiveCplt  stm32f1xx_hal_uart.o
    0x08005064   0x0000000e   Code   RO         1913    i.UART_DMARxHalfCplt  stm32f1xx_hal_uart.o
    0x08005072   0x00000036   Code   RO         1915    i.UART_DMATransmitCplt  stm32f1xx_hal_uart.o
    0x080050a8   0x0000000e   Code   RO         1917    i.UART_DMATxHalfCplt  stm32f1xx_hal_uart.o
    0x080050b6   0x00000020   Code   RO         1919    i.UART_EndRxTransfer  stm32f1xx_hal_uart.o
    0x080050d6   0x00000020   Code   RO         1920    i.UART_EndTransmit_IT  stm32f1xx_hal_uart.o
    0x080050f6   0x00000014   Code   RO         1921    i.UART_EndTxTransfer  stm32f1xx_hal_uart.o
    0x0800510a   0x000000a6   Code   RO         1922    i.UART_Receive_IT   stm32f1xx_hal_uart.o
    0x080051b0   0x000001c8   Code   RO         1923    i.UART_SetConfig    stm32f1xx_hal_uart.o
    0x08005378   0x00000068   Code   RO         1924    i.UART_Transmit_IT  stm32f1xx_hal_uart.o
    0x080053e0   0x0000006c   Code   RO         1925    i.UART_WaitOnFlagUntilTimeout  stm32f1xx_hal_uart.o
    0x0800544c   0x00000010   Code   RO          829    i.USART1_IRQHandler  stm32f1xx_it.o
    0x0800545c   0x000000d0   Code   RO          830    i.USART2_IRQHandler  stm32f1xx_it.o
    0x0800552c   0x00000010   Code   RO          831    i.USART3_IRQHandler  stm32f1xx_it.o
    0x0800553c   0x00000016   Code   RO          137    i.USBD_ClrClassConfig  usbd_core.o
    0x08005552   0x00000044   Code   RO          300    i.USBD_ClrFeature   usbd_ctlreq.o
    0x08005596   0x00000018   Code   RO          478    i.USBD_CtlContinueRx  usbd_ioreq.o
    0x080055ae   0x00000018   Code   RO          479    i.USBD_CtlContinueSendData  usbd_ioreq.o
    0x080055c6   0x00000018   Code   RO          301    i.USBD_CtlError     usbd_ctlreq.o
    0x080055de   0x0000001a   Code   RO          481    i.USBD_CtlReceiveStatus  usbd_ioreq.o
    0x080055f8   0x00000022   Code   RO          482    i.USBD_CtlSendData  usbd_ioreq.o
    0x0800561a   0x0000001a   Code   RO          483    i.USBD_CtlSendStatus  usbd_ioreq.o
    0x08005634   0x00000050   Code   RO          302    i.USBD_GetConfig    usbd_ctlreq.o
    0x08005684   0x00000150   Code   RO          303    i.USBD_GetDescriptor  usbd_ctlreq.o
    0x080057d4   0x00000044   Code   RO          305    i.USBD_GetStatus    usbd_ctlreq.o
    0x08005818   0x00000044   Code   RO          980    i.USBD_LL_ClearStallEP  usbd_conf.o
    0x0800585c   0x000000da   Code   RO          140    i.USBD_LL_DataInStage  usbd_core.o
    0x08005936   0x00000086   Code   RO          141    i.USBD_LL_DataOutStage  usbd_core.o
    0x080059bc   0x00000030   Code   RO          987    i.USBD_LL_IsStallEP  usbd_conf.o
    0x080059ec   0x00000062   Code   RO          988    i.USBD_LL_OpenEP    usbd_conf.o
    0x08005a4e   0x00000062   Code   RO          989    i.USBD_LL_PrepareReceive  usbd_conf.o
    0x08005ab0   0x00000044   Code   RO          146    i.USBD_LL_Reset     usbd_core.o
    0x08005af4   0x0000000e   Code   RO          147    i.USBD_LL_Resume    usbd_core.o
    0x08005b02   0x00000022   Code   RO          148    i.USBD_LL_SOF       usbd_core.o
    0x08005b24   0x00000008   Code   RO          149    i.USBD_LL_SetSpeed  usbd_core.o
    0x08005b2c   0x00000044   Code   RO          990    i.USBD_LL_SetUSBAddress  usbd_conf.o
    0x08005b70   0x0000006e   Code   RO          150    i.USBD_LL_SetupStage  usbd_core.o
    0x08005bde   0x00000044   Code   RO          991    i.USBD_LL_StallEP   usbd_conf.o
    0x08005c22   0x00000014   Code   RO          151    i.USBD_LL_Suspend   usbd_core.o
    0x08005c36   0x00000062   Code   RO          994    i.USBD_LL_Transmit  usbd_conf.o
    0x08005c98   0x00000028   Code   RO          307    i.USBD_ParseSetupRequest  usbd_ctlreq.o
    0x08005cc0   0x00000006   Code   RO          153    i.USBD_RunTestMode  usbd_core.o
    0x08005cc6   0x00000054   Code   RO          308    i.USBD_SetAddress   usbd_ctlreq.o
    0x08005d1a   0x00000022   Code   RO          154    i.USBD_SetClassConfig  usbd_core.o
    0x08005d3c   0x000000e0   Code   RO          309    i.USBD_SetConfig    usbd_ctlreq.o
    0x08005e1c   0x00000024   Code   RO          310    i.USBD_SetFeature   usbd_ctlreq.o
    0x08005e40   0x00000072   Code   RO          311    i.USBD_StdDevReq    usbd_ctlreq.o
    0x08005eb2   0x00000156   Code   RO          312    i.USBD_StdEPReq     usbd_ctlreq.o
    0x08006008   0x0000004a   Code   RO          313    i.USBD_StdItfReq    usbd_ctlreq.o
    0x08006052   0x000003aa   Code   RO         3624    i.USB_ActivateEndpoint  stm32f1xx_ll_usb.o
    0x080063fc   0x00000006   Code   RO         3634    i.USB_EP0_OutStart  stm32f1xx_ll_usb.o
    0x08006402   0x000000b4   Code   RO         3635    i.USB_EPClearStall  stm32f1xx_ll_usb.o
    0x080064b6   0x00000086   Code   RO         3636    i.USB_EPSetStall    stm32f1xx_ll_usb.o
    0x0800653c   0x00000332   Code   RO         3637    i.USB_EPStartXfer   stm32f1xx_ll_usb.o
    0x0800686e   0x00000002   PAD
    0x08006870   0x00000010   Code   RO          832    i.USB_LP_CAN1_RX0_IRQHandler  stm32f1xx_it.o
    0x08006880   0x0000000a   Code   RO         3645    i.USB_ReadInterrupts  stm32f1xx_ll_usb.o
    0x0800688a   0x00000028   Code   RO         3646    i.USB_ReadPMA       stm32f1xx_ll_usb.o
    0x080068b2   0x0000000e   Code   RO         3649    i.USB_SetDevAddress  stm32f1xx_ll_usb.o
    0x080068c0   0x00000042   Code   RO         3651    i.USB_WritePMA      stm32f1xx_ll_usb.o
    0x08006902   0x00000004   Code   RO          833    i.UsageFault_Handler  stm32f1xx_it.o
    0x08006906   0x00000002   PAD
    0x08006908   0x000000d0   Code   RO         4091    i.ZeroCrrentCalibration  calculation.o
    0x080069d8   0x00000004   Code   RO          654    i._Error_Handler    main.o
    0x080069dc   0x00000024   Code   RO         4404    i.__0sprintf$bare   mc_w.l(printfb.o)
    0x08006a00   0x0000000e   Code   RO         4733    i.__scatterload_copy  mc_w.l(handlers.o)
    0x08006a0e   0x00000002   Code   RO         4734    i.__scatterload_null  mc_w.l(handlers.o)
    0x08006a10   0x0000000e   Code   RO         4735    i.__scatterload_zeroinit  mc_w.l(handlers.o)
    0x08006a1e   0x00000022   Code   RO         4409    i._printf_core      mc_w.l(printfb.o)
    0x08006a40   0x0000000a   Code   RO         4411    i._sputc            mc_w.l(printfb.o)
    0x08006a4a   0x00000002   PAD
    0x08006a4c   0x00000048   Code   RO         3902    i.delay_us          delay.o
    0x08006a94   0x000002c4   Code   RO          655    i.main              main.o
    0x08006d58   0x0000005e   Code   RO         4295    i.prepareTxData     pc485_tx_protocol.o
    0x08006db6   0x00000018   Data   RO            6    .constdata          system_stm32f1xx.o
    0x08006dce   0x00000002   PAD
    0x08006dd0   0x00000020   Data   RO         4731    Region$$Table       anon$$obj.o


    Execution Region RW_IRAM1 (Base: 0x20000000, Size: 0x00001068, Max: 0x00010000, ABSOLUTE)

    Base Addr    Size         Type   Attr      Idx    E Section Name        Object

    0x20000000   0x00000004   Data   RW            7    .data               system_stm32f1xx.o
    0x20000004   0x00000001   Data   RW          314    .data               usbd_ctlreq.o
    0x20000005   0x00000001   PAD
    0x20000006   0x00000007   Data   RW          657    .data               main.o
    0x2000000d   0x00000003   PAD
    0x20000010   0x00000004   Data   RW         3073    .data               stm32f1xx_hal.o
    0x20000014   0x00000001   Data   RW         3903    .data               delay.o
    0x20000015   0x00000003   PAD
    0x20000018   0x0000002c   Data   RW         4028    .data               para_init.o
    0x20000044   0x00000444   Zero   RW          656    .bss                main.o
    0x20000488   0x0000047c   Zero   RW          997    .bss                usbd_conf.o
    0x20000904   0x00000004   PAD
    0x20000908   0x00000020   Zero   RW         2216    .bss                stm32f1xx_hal_flash.o
    0x20000928   0x0000000a   Zero   RW         3944    .bss                relay.o
    0x20000932   0x00000002   PAD
    0x20000934   0x000000c8   Zero   RW         4027    .bss                para_init.o
    0x200009fc   0x00000268   Zero   RW         4176    .bss                hardware.o
    0x20000c64   0x00000004   PAD
    0x20000c68   0x00000400   Zero   RW          127    STACK               startup_stm32f103xe.o


==============================================================================

Image component sizes


      Code (inc. data)   RO Data    RW Data    ZI Data      Debug   Object Name

       652         10          0          0          0       3961   ad5689r.o
       342         14          0          0          0       2128   ad7988_1.o
       200         18          0          0          0       1090   ad8253.o
       648         62          0          0          0       3090   app.o
      1736        152          0          0          0       6823   calculation.o
        92          8          0          1          0       1329   delay.o
      1388        288          0          0        616       5882   hardware.o
        42          0          0          0          0        649   internalflash.o
      1494        172          0          7       1092       9919   main.o
       652        132          0         44        200       3570   para_init.o
        94          0          0          0          0       1144   pc485_tx_protocol.o
      1104         86          0          0         10       7602   relay.o
        36          8        304          0       1024        748   startup_stm32f103xe.o
       138         20          0          4          0       3555   stm32f1xx_hal.o
       348         22          0          0          0      27645   stm32f1xx_hal_cortex.o
       830         18          0          0          0       3905   stm32f1xx_hal_dma.o
       516         50          0          0         32       4030   stm32f1xx_hal_flash.o
       256         26          0          0          0       2471   stm32f1xx_hal_flash_ex.o
       868         42          0          0          0       3800   stm32f1xx_hal_gpio.o
       832         88          0          0          0       2488   stm32f1xx_hal_msp.o
      1986          0          0          0          0       6755   stm32f1xx_hal_pcd.o
      1776        110          0          0          0       5784   stm32f1xx_hal_rcc.o
       304         14          0          0          0       1356   stm32f1xx_hal_rcc_ex.o
      1140         20          0          0          0       9294   stm32f1xx_hal_tim.o
       102          0          0          0          0       2186   stm32f1xx_hal_tim_ex.o
      2294         40          0          0          0      15509   stm32f1xx_hal_uart.o
       340         52          0          0          0       7750   stm32f1xx_it.o
      2206          0          0          0          0       8038   stm32f1xx_ll_usb.o
        88         18         24          4          0     494207   system_stm32f1xx.o
       178         24          0          0          0       1928   timer_ctrl.o
       726          6          0          0       1148       9396   usbd_conf.o
       668          0          0          0          0      11773   usbd_core.o
      1490         30          0          1          0      13127   usbd_ctlreq.o
       134          0          0          0          0       3604   usbd_ioreq.o

    ----------------------------------------------------------------------
     25730       1530        362         68       4132     686536   Object Totals
         0          0         32          0          0          0   (incl. Generated)
        30          0          2          7         10          0   (incl. Padding)

    ----------------------------------------------------------------------

      Code (inc. data)   RO Data    RW Data    ZI Data      Debug   Library Member Name

         0          0          0          0          0          0   entry.o
         0          0          0          0          0          0   entry10a.o
         0          0          0          0          0          0   entry11a.o
         8          4          0          0          0          0   entry2.o
         4          0          0          0          0          0   entry5.o
         0          0          0          0          0          0   entry7b.o
         0          0          0          0          0          0   entry8b.o
         8          4          0          0          0          0   entry9a.o
        30          0          0          0          0          0   handlers.o
        36          8          0          0          0         68   init.o
         0          0          0          0          0          0   iusefp.o
        30          0          0          0          0         68   llshl.o
        36          0          0          0          0         68   llsshr.o
        32          0          0          0          0         68   llushr.o
        80          4          0          0          0        236   printfb.o
        20          0          0          0          0         68   cfcmple.o
        56          0          0          0          0         88   d2f.o
       334          0          0          0          0        148   dadd.o
       222          0          0          0          0        100   ddiv.o
       182          0          0          0          0        176   depilogue.o
        50          0          0          0          0         76   dfixui.o
        26          0          0          0          0         76   dfltui.o
       228          0          0          0          0         96   dmul.o
        38          0          0          0          0         68   f2d.o
       176          0          0          0          0        140   fadd.o
       124          0          0          0          0         88   fdiv.o
       110          0          0          0          0        168   fepilogue.o
        50          0          0          0          0         68   ffixi.o
        40          0          0          0          0         68   ffixui.o
        18          0          0          0          0         68   fflti.o
        10          0          0          0          0         68   ffltui.o
       100          0          0          0          0         76   fmul.o

    ----------------------------------------------------------------------
      2052         20          0          0          0       2148   Library Totals
         4          0          0          0          0          0   (incl. Padding)

    ----------------------------------------------------------------------

      Code (inc. data)   RO Data    RW Data    ZI Data      Debug   Library Name

       264         20          0          0          0        508   mc_w.l
      1784          0          0          0          0       1640   mf_w.l

    ----------------------------------------------------------------------
      2052         20          0          0          0       2148   Library Totals

    ----------------------------------------------------------------------

==============================================================================


      Code (inc. data)   RO Data    RW Data    ZI Data      Debug   

     27782       1550        362         68       4132     676668   Grand Totals
     27782       1550        362         68       4132     676668   ELF Image Totals
     27782       1550        362         68          0          0   ROM Totals

==============================================================================

    Total RO  Size (Code + RO Data)                28144 (  27.48kB)
    Total RW  Size (RW Data + ZI Data)              4200 (   4.10kB)
    Total ROM Size (Code + RO Data + RW Data)      28212 (  27.55kB)

==============================================================================

